Archive member included because of file (symbol)

C:\Users\WadeJensen\Dropbox\01_EN40\YEAR_4_SEM_1\EGH456\Assignment\ProjectTemplate_RTOS\src\sysbios\sysbios.am4fg(m3_Hwi_asm_gnu.o)
                              C:\Users\WadeJensen\Dropbox\01_EN40\YEAR_4_SEM_1\EGH456\Assignment\ProjectTemplate_RTOS\Debug\configPkg\package\cfg\app_pm4fg.om4fg (ti_sysbios_family_arm_m3_Hwi_pendSV(int0_t))
C:\Users\WadeJensen\Dropbox\01_EN40\YEAR_4_SEM_1\EGH456\Assignment\ProjectTemplate_RTOS\src\sysbios\sysbios.am4fg(m3_Hwi_asm_switch_gnu.o)
                              C:\Users\WadeJensen\Dropbox\01_EN40\YEAR_4_SEM_1\EGH456\Assignment\ProjectTemplate_RTOS\Debug\configPkg\package\cfg\app_pm4fg.om4fg (ti_sysbios_family_arm_m3_Hwi_getTaskSP__E)
C:\Users\WadeJensen\Dropbox\01_EN40\YEAR_4_SEM_1\EGH456\Assignment\ProjectTemplate_RTOS\src\sysbios\sysbios.am4fg(m3_IntrinsicsSupport_asm_gnu.o)
                              C:\Users\WadeJensen\Dropbox\01_EN40\YEAR_4_SEM_1\EGH456\Assignment\ProjectTemplate_RTOS\Debug\configPkg\package\cfg\app_pm4fg.om4fg (ti_sysbios_family_arm_m3_IntrinsicsSupport_maxbit__E)
C:\Users\WadeJensen\Dropbox\01_EN40\YEAR_4_SEM_1\EGH456\Assignment\ProjectTemplate_RTOS\src\sysbios\sysbios.am4fg(m3_TaskSupport_asm_gnu.o)
                              C:\Users\WadeJensen\Dropbox\01_EN40\YEAR_4_SEM_1\EGH456\Assignment\ProjectTemplate_RTOS\Debug\configPkg\package\cfg\app_pm4fg.om4fg (ti_sysbios_family_arm_m3_TaskSupport_swap__E)
C:\Users\WadeJensen\Dropbox\01_EN40\YEAR_4_SEM_1\EGH456\Assignment\ProjectTemplate_RTOS\src\sysbios\sysbios.am4fg(_BIOS.o)
                              C:\Users\WadeJensen\Dropbox\01_EN40\YEAR_4_SEM_1\EGH456\Assignment\ProjectTemplate_RTOS\Debug\configPkg\package\cfg\app_pm4fg.om4fg (ti_sysbios_BIOS_setThreadType__E)
C:\Users\WadeJensen\Dropbox\01_EN40\YEAR_4_SEM_1\EGH456\Assignment\ProjectTemplate_RTOS\src\sysbios\sysbios.am4fg(knl_Clock.o)
                              C:\Users\WadeJensen\Dropbox\01_EN40\YEAR_4_SEM_1\EGH456\Assignment\ProjectTemplate_RTOS\Debug\configPkg\package\cfg\app_pm4fg.om4fg (ti_sysbios_knl_Clock_Module_startup__E)
C:\Users\WadeJensen\Dropbox\01_EN40\YEAR_4_SEM_1\EGH456\Assignment\ProjectTemplate_RTOS\src\sysbios\sysbios.am4fg(knl_Idle.o)
                              C:\Users\WadeJensen\Dropbox\01_EN40\YEAR_4_SEM_1\EGH456\Assignment\ProjectTemplate_RTOS\Debug\configPkg\package\cfg\app_pm4fg.om4fg (ti_sysbios_knl_Idle_loop__E)
C:\Users\WadeJensen\Dropbox\01_EN40\YEAR_4_SEM_1\EGH456\Assignment\ProjectTemplate_RTOS\src\sysbios\sysbios.am4fg(knl_Queue.o)
                              C:\Users\WadeJensen\Dropbox\01_EN40\YEAR_4_SEM_1\EGH456\Assignment\ProjectTemplate_RTOS\Debug\configPkg\package\cfg\app_pm4fg.om4fg (ti_sysbios_knl_Queue_Instance_init__E)
C:\Users\WadeJensen\Dropbox\01_EN40\YEAR_4_SEM_1\EGH456\Assignment\ProjectTemplate_RTOS\src\sysbios\sysbios.am4fg(knl_Semaphore.o)
                              C:\Users\WadeJensen\Dropbox\01_EN40\YEAR_4_SEM_1\EGH456\Assignment\ProjectTemplate_RTOS\Debug\configPkg\package\cfg\app_pm4fg.om4fg (ti_sysbios_knl_Semaphore_Instance_init__E)
C:\Users\WadeJensen\Dropbox\01_EN40\YEAR_4_SEM_1\EGH456\Assignment\ProjectTemplate_RTOS\src\sysbios\sysbios.am4fg(knl_Swi.o)
                              C:\Users\WadeJensen\Dropbox\01_EN40\YEAR_4_SEM_1\EGH456\Assignment\ProjectTemplate_RTOS\Debug\configPkg\package\cfg\app_pm4fg.om4fg (ti_sysbios_knl_Swi_Module_startup__E)
C:\Users\WadeJensen\Dropbox\01_EN40\YEAR_4_SEM_1\EGH456\Assignment\ProjectTemplate_RTOS\src\sysbios\sysbios.am4fg(knl_Task.o)
                              C:\Users\WadeJensen\Dropbox\01_EN40\YEAR_4_SEM_1\EGH456\Assignment\ProjectTemplate_RTOS\Debug\configPkg\package\cfg\app_pm4fg.om4fg (ti_sysbios_knl_Task_startup__E)
C:\Users\WadeJensen\Dropbox\01_EN40\YEAR_4_SEM_1\EGH456\Assignment\ProjectTemplate_RTOS\src\sysbios\sysbios.am4fg(hal_Hwi.o)
                              C:\Users\WadeJensen\Dropbox\01_EN40\YEAR_4_SEM_1\EGH456\Assignment\ProjectTemplate_RTOS\Debug\configPkg\package\cfg\app_pm4fg.om4fg (ti_sysbios_hal_Hwi_Module_startup__E)
C:\Users\WadeJensen\Dropbox\01_EN40\YEAR_4_SEM_1\EGH456\Assignment\ProjectTemplate_RTOS\src\sysbios\sysbios.am4fg(hal_Hwi_stack.o)
                              C:\Users\WadeJensen\Dropbox\01_EN40\YEAR_4_SEM_1\EGH456\Assignment\ProjectTemplate_RTOS\Debug\configPkg\package\cfg\app_pm4fg.om4fg (ti_sysbios_hal_Hwi_initStack)
C:\Users\WadeJensen\Dropbox\01_EN40\YEAR_4_SEM_1\EGH456\Assignment\ProjectTemplate_RTOS\src\sysbios\sysbios.am4fg(hal_Hwi_startup.o)
                              C:\Users\WadeJensen\Dropbox\01_EN40\YEAR_4_SEM_1\EGH456\Assignment\ProjectTemplate_RTOS\Debug\configPkg\package\cfg\app_pm4fg.om4fg (ti_sysbios_hal_Hwi_startup__E)
C:\Users\WadeJensen\Dropbox\01_EN40\YEAR_4_SEM_1\EGH456\Assignment\ProjectTemplate_RTOS\src\sysbios\sysbios.am4fg(gates_GateHwi.o)
[...]
Memory Configuration

Name             Origin             Length             Attributes
FLASH            0x00000000         0x00100000         xr
SRAM             0x20000000         0x00040000         xw
*default*        0x00000000         0xffffffff

Linker script and memory map

LOAD ./main.o
LOAD ./drivers/frame.o
LOAD ./drivers/kentec320x240x16_ssd2119.o
LOAD ./drivers/mx66l51235f.o
LOAD ./drivers/pinout.o
LOAD ./drivers/touch.o
LOAD ./utils/ustdlib.o
                0x00000000                PROVIDE (_intvecs_base_address, DEFINED (_intvecs_base_address)?_intvecs_base_address:0x0)

.intvecs        0x00000000       0x3c
 *(.intvecs)
 .intvecs       0x00000000       0x3c C:\Users\WadeJensen\Dropbox\01_EN40\YEAR_4_SEM_1\EGH456\Assignment\ProjectTemplate_RTOS\Debug\configPkg\package\cfg\app_pm4fg.om4fg
                0x00000000                ti_sysbios_family_arm_m3_Hwi_resetVectors
                0x20000000                PROVIDE (_vtable_base_address, DEFINED (_vtable_base_address)?_vtable_base_address:0x20000000)

.vtable         0x20000000      0x360
 *(.vtable)
 .vtable        0x20000000      0x360 C:\Users\WadeJensen\Dropbox\01_EN40\YEAR_4_SEM_1\EGH456\Assignment\ProjectTemplate_RTOS\Debug\configPkg\package\cfg\app_pm4fg.om4fg
                0x20000000                ti_sysbios_family_arm_m3_Hwi_ramVectors

.text           0x00000040     0x5944
 CREATE_OBJECT_SYMBOLS
 *(.text)
 .text          0x00000040      0x138 C:\Users\WadeJensen\Dropbox\01_EN40\YEAR_4_SEM_1\EGH456\Assignment\ProjectTemplate_RTOS\src\sysbios\sysbios.am4fg(m3_Hwi_asm_gnu.o)
                0x00000040                ti_sysbios_family_arm_m3_Hwi_dispatch(int0_t)
                0x0000011a                ti_sysbios_family_arm_m3_Hwi_pendSV(int0_t)
                0x00000158                ti_sysbios_family_arm_m3_Hwi_excHandlerAsm(int0_t)
 *fill*         0x00000178        0x8 
 .text          0x00000180       0x98 C:\Users\WadeJensen\Dropbox\01_EN40\YEAR_4_SEM_1\EGH456\Assignment\ProjectTemplate_RTOS\src\sysbios\sysbios.am4fg(m3_Hwi_asm_switch_gnu.o)
                0x0000019c                ti_sysbios_family_xxx_Hwi_switchAndRunFunc
                0x000001ba                ti_sysbios_family_arm_m3_Hwi_getTaskSP__E
                0x000001c0                ti_sysbios_family_arm_m3_Hwi_initStacks__E
 *fill*         0x00000218        0x8 
 .text          0x00000220       0xcc C:\Users\WadeJensen\Dropbox\01_EN40\YEAR_4_SEM_1\EGH456\Assignment\ProjectTemplate_RTOS\src\sysbios\sysbios.am4fg(m3_TaskSupport_asm_gnu.o)
                0x00000220                ti_sysbios_family_arm_m3_TaskSupport_buildTaskStack
                0x000002ac                ti_sysbios_family_arm_m3_TaskSupport_swap__E
                0x000002b8                ti_sysbios_knl_Task_swapReturn
                0x000002d4                ti_sysbios_family_arm_m3_TaskSupport_glue
 *(.text.*)
 .text.taskFxn  0x000002ec       0x2c ./main.o
                0x000002ec                taskFxn
 .text.main     0x00000318       0x18 ./main.o
                0x00000318                main
 .text.TouchScreenDebouncer
                0x00000330      0x284 ./drivers/touch.o
 .text.TouchScreenIntHandler
                0x000005b4      0x1b8 ./drivers/touch.o
                0x000005b4                TouchScreenIntHandler
 .text.xdc_runtime_Text_visitRope__I
                0x0000076c        0x8 C:\Users\WadeJensen\Dropbox\01_EN40\YEAR_4_SEM_1\EGH456\Assignment\ProjectTemplate_RTOS\Debug\configPkg\package\cfg\app_pm4fg.om4fg
                0x0000076c                xdc_runtime_Text_visitRope(int0_t)
 .text.xdc_runtime_Startup_exec__I
                0x00000774       0x14 C:\Users\WadeJensen\Dropbox\01_EN40\YEAR_4_SEM_1\EGH456\Assignment\ProjectTemplate_RTOS\Debug\configPkg\package\cfg\app_pm4fg.om4fg
                0x00000774                xdc_runtime_Startup_exec(int0_t)
 .text.xdc_runtime_System_printfExtend__I
                0x00000788       0xd4 C:\Users\WadeJensen\Dropbox\01_EN40\YEAR_4_SEM_1\EGH456\Assignment\ProjectTemplate_RTOS\Debug\configPkg\package\cfg\app_pm4fg.om4fg
                0x00000788                xdc_runtime_System_printfExtend(int0_t)
 .text.xdc_runtime_SysMin_output__I
                0x0000085c       0x24 C:\Users\WadeJensen\Dropbox\01_EN40\YEAR_4_SEM_1\EGH456\Assignment\ProjectTemplate_RTOS\Debug\configPkg\package\cfg\app_pm4fg.om4fg
                0x0000085c                xdc_runtime_SysMin_output(int0_t)
 .text.ti_catalog_arm_cortexm4_tiva_ce_Boot_init__I
                0x00000880       0x10 C:\Users\WadeJensen\Dropbox\01_EN40\YEAR_4_SEM_1\EGH456\Assignment\ProjectTemplate_RTOS\Debug\configPkg\package\cfg\app_pm4fg.om4fg
                0x00000880                ti_catalog_arm_cortexm4_tiva_ce_Boot_init(int0_t)
 .text.ti_sysbios_BIOS_startFunc__I
                0x00000890       0x20 C:\Users\WadeJensen\Dropbox\01_EN40\YEAR_4_SEM_1\EGH456\Assignment\ProjectTemplate_RTOS\Debug\configPkg\package\cfg\app_pm4fg.om4fg
                0x00000890                ti_sysbios_BIOS_startFunc(int0_t)
 .text.ti_sysbios_BIOS_atExitFunc__I
                0x000008b0       0x14 C:\Users\WadeJensen\Dropbox\01_EN40\YEAR_4_SEM_1\EGH456\Assignment\ProjectTemplate_RTOS\Debug\configPkg\package\cfg\app_pm4fg.om4fg
                0x000008b0                ti_sysbios_BIOS_atExitFunc(int0_t)
 .text.ti_sysbios_BIOS_exitFunc__I
                0x000008c4       0x14 C:\Users\WadeJensen\Dropbox\01_EN40\YEAR_4_SEM_1\EGH456\Assignment\ProjectTemplate_RTOS\Debug\configPkg\package\cfg\app_pm4fg.om4fg
                0x000008c4                ti_sysbios_BIOS_exitFunc(int0_t)
 .text.ti_sysbios_BIOS_errorRaiseHook__I
                0x000008d8       0x28 C:\Users\WadeJensen\Dropbox\01_EN40\YEAR_4_SEM_1\EGH456\Assignment\ProjectTemplate_RTOS\Debug\configPkg\package\cfg\app_pm4fg.om4fg
                0x000008d8                ti_sysbios_BIOS_errorRaiseHook(int0_t)
 .text.ti_sysbios_gates_GateHwi_Handle__label__S
                0x00000900       0x18 C:\Users\WadeJensen\Dropbox\01_EN40\YEAR_4_SEM_1\EGH456\Assignment\ProjectTemplate_RTOS\Debug\configPkg\package\cfg\app_pm4fg.om4fg
                0x00000900                ti_sysbios_gates_GateHwi_Handle__label(void) static
 .text.ti_sysbios_gates_GateMutex_Handle__label__S
                0x00000918       0x18 C:\Users\WadeJensen\Dropbox\01_EN40\YEAR_4_SEM_1\EGH456\Assignment\ProjectTemplate_RTOS\Debug\configPkg\package\cfg\app_pm4fg.om4fg
                0x00000918                ti_sysbios_gates_GateMutex_Handle__label(void) static
 .text.xdc_runtime_HeapStd_Handle__label__S
                0x00000930       0x18 C:\Users\WadeJensen\Dropbox\01_EN40\YEAR_4_SEM_1\EGH456\Assignment\ProjectTemplate_RTOS\Debug\configPkg\package\cfg\app_pm4fg.om4fg
                0x00000930                xdc_runtime_HeapStd_Handle__label(void) static
 .text.xdc_runtime_LoggerBuf_Handle__label__S
                0x00000948       0x18 C:\Users\WadeJensen\Dropbox\01_EN40\YEAR_4_SEM_1\EGH456\Assignment\ProjectTemplate_RTOS\Debug\configPkg\package\cfg\app_pm4fg.om4fg
                0x00000948                xdc_runtime_LoggerBuf_Handle__label(void) static
 .text.ti_sysbios_gates_GateHwi_Object__delete__S
                0x00000960       0x24 C:\Users\WadeJensen\Dropbox\01_EN40\YEAR_4_SEM_1\EGH456\Assignment\ProjectTemplate_RTOS\Debug\configPkg\package\cfg\app_pm4fg.om4fg
                0x00000960                ti_sysbios_gates_GateHwi_Object__delete(void) static
 .text.ti_sysbios_gates_GateMutex_Object__delete__S
                0x00000984       0x28 C:\Users\WadeJensen\Dropbox\01_EN40\YEAR_4_SEM_1\EGH456\Assignment\ProjectTemplate_RTOS\Debug\configPkg\package\cfg\app_pm4fg.om4fg
                0x00000984                ti_sysbios_gates_GateMutex_Object__delete(void) static
 .text.xdc_runtime_HeapStd_Object__delete__S
                0x000009ac       0x20 C:\Users\WadeJensen\Dropbox\01_EN40\YEAR_4_SEM_1\EGH456\Assignment\ProjectTemplate_RTOS\Debug\configPkg\package\cfg\app_pm4fg.om4fg
                0x000009ac                xdc_runtime_HeapStd_Object__delete(void) static
 .text.xdc_runtime_LoggerBuf_Object__delete__S
                0x000009cc       0x24 C:\Users\WadeJensen\Dropbox\01_EN40\YEAR_4_SEM_1\EGH456\Assignment\ProjectTemplate_RTOS\Debug\configPkg\package\cfg\app_pm4fg.om4fg
                0x000009cc                xdc_runtime_LoggerBuf_Object__delete(void) static
 .text.ti_sysbios_gates_GateHwi_Object__create__S
                0x000009f0       0x2c C:\Users\WadeJensen\Dropbox\01_EN40\YEAR_4_SEM_1\EGH456\Assignment\ProjectTemplate_RTOS\Debug\configPkg\package\cfg\app_pm4fg.om4fg
                0x000009f0                ti_sysbios_gates_GateHwi_Object__create(void) static
 .text.ti_sysbios_gates_GateMutex_Object__create__S
                0x00000a1c       0x2c C:\Users\WadeJensen\Dropbox\01_EN40\YEAR_4_SEM_1\EGH456\Assignment\ProjectTemplate_RTOS\Debug\configPkg\package\cfg\app_pm4fg.om4fg
                0x00000a1c                ti_sysbios_gates_GateMutex_Object__create(void) static
 .text.xdc_runtime_HeapStd_Object__create__S
                0x00000a48       0x50 C:\Users\WadeJensen\Dropbox\01_EN40\YEAR_4_SEM_1\EGH456\Assignment\ProjectTemplate_RTOS\Debug\configPkg\package\cfg\app_pm4fg.om4fg
                0x00000a48                xdc_runtime_HeapStd_Object__create(void) static
 .text.xdc_runtime_LoggerBuf_Object__create__S
                0x00000a98       0x54 C:\Users\WadeJensen\Dropbox\01_EN40\YEAR_4_SEM_1\EGH456\Assignment\ProjectTemplate_RTOS\Debug\configPkg\package\cfg\app_pm4fg.om4fg
                0x00000a98                xdc_runtime_LoggerBuf_Object__create(void) static
 .text.ti_sysbios_knl_Clock_doTick__I
                0x00000aec       0x30 C:\Users\WadeJensen\Dropbox\01_EN40\YEAR_4_SEM_1\EGH456\Assignment\ProjectTemplate_RTOS\Debug\configPkg\package\cfg\app_pm4fg.om4fg
                0x00000aec                ti_sysbios_knl_Clock_doTick(int0_t)
 .text.xdc_runtime_Startup_reset__I
                0x00000b1c        0x4 C:\Users\WadeJensen\Dropbox\01_EN40\YEAR_4_SEM_1\EGH456\Assignment\ProjectTemplate_RTOS\Debug\configPkg\package\cfg\app_pm4fg.om4fg
                0x00000b1c                xdc_runtime_Startup_reset(int0_t)
 .text.malloc   0x00000b20        0x4 C:\Users\WadeJensen\Dropbox\01_EN40\YEAR_4_SEM_1\EGH456\Assignment\ProjectTemplate_RTOS\Debug\configPkg\package\cfg\app_pm4fg.om4fg
                0x00000b20                malloc
 .text.free     0x00000b24        0x4 C:\Users\WadeJensen\Dropbox\01_EN40\YEAR_4_SEM_1\EGH456\Assignment\ProjectTemplate_RTOS\Debug\configPkg\package\cfg\app_pm4fg.om4fg
                0x00000b24                free
 .text.xdc_runtime_System_printf__E
                0x00000b28       0x1c C:\Users\WadeJensen\Dropbox\01_EN40\YEAR_4_SEM_1\EGH456\Assignment\ProjectTemplate_RTOS\Debug\configPkg\package\cfg\app_pm4fg.om4fg
                0x00000b28                xdc_runtime_System_printf__E
 .text.xdc_runtime_System_aprintf__E
                0x00000b44       0x1c C:\Users\WadeJensen\Dropbox\01_EN40\YEAR_4_SEM_1\EGH456\Assignment\ProjectTemplate_RTOS\Debug\configPkg\package\cfg\app_pm4fg.om4fg
                0x00000b44                xdc_runtime_System_aprintf__E
 .text.ti_sysbios_hal_Hwi_HwiProxy_Module__startupDone__S
                0x00000b60       0x14 C:\Users\WadeJensen\Dropbox\01_EN40\YEAR_4_SEM_1\EGH456\Assignment\ProjectTemplate_RTOS\Debug\configPkg\package\cfg\app_pm4fg.om4fg
                0x00000b60                ti_sysbios_hal_Hwi_HwiProxy_Module__startupDone(void) static
 .text.ti_sysbios_hal_Hwi_HwiProxy_getStackInfo__E
                0x00000b74        0x4 C:\Users\WadeJensen\Dropbox\01_EN40\YEAR_4_SEM_1\EGH456\Assignment\ProjectTemplate_RTOS\Debug\configPkg\package\cfg\app_pm4fg.om4fg
                0x00000b74                ti_sysbios_hal_Hwi_HwiProxy_getStackInfo__E
 .text.ti_sysbios_hal_Hwi_HwiProxy_startup__E
                0x00000b78        0x4 C:\Users\WadeJensen\Dropbox\01_EN40\YEAR_4_SEM_1\EGH456\Assignment\ProjectTemplate_RTOS\Debug\configPkg\package\cfg\app_pm4fg.om4fg
                0x00000b78                ti_sysbios_hal_Hwi_HwiProxy_startup__E
 .text.ti_sysbios_hal_Hwi_HwiProxy_switchFromBootStack__E
                0x00000b7c        0x4 C:\Users\WadeJensen\Dropbox\01_EN40\YEAR_4_SEM_1\EGH456\Assignment\ProjectTemplate_RTOS\Debug\configPkg\package\cfg\app_pm4fg.om4fg
                0x00000b7c                ti_sysbios_hal_Hwi_HwiProxy_switchFromBootStack__E
 .text.ti_sysbios_knl_Clock_TimerProxy_Module__startupDone__S
                0x00000b80       0x14 C:\Users\WadeJensen\Dropbox\01_EN40\YEAR_4_SEM_1\EGH456\Assignment\ProjectTemplate_RTOS\Debug\configPkg\package\cfg\app_pm4fg.om4fg
                0x00000b80                ti_sysbios_knl_Clock_TimerProxy_Module__startupDone(void) static
 .text.ti_sysbios_knl_Clock_TimerProxy_getMaxTicks__E
                0x00000b94        0x4 C:\Users\WadeJensen\Dropbox\01_EN40\YEAR_4_SEM_1\EGH456\Assignment\ProjectTemplate_RTOS\Debug\configPkg\package\cfg\app_pm4fg.om4fg
                0x00000b94                ti_sysbios_knl_Clock_TimerProxy_getMaxTicks__E
 .text.ti_sysbios_knl_Clock_TimerProxy_getPeriod__E
                0x00000b98        0x4 C:\Users\WadeJensen\Dropbox\01_EN40\YEAR_4_SEM_1\EGH456\Assignment\ProjectTemplate_RTOS\Debug\configPkg\package\cfg\app_pm4fg.om4fg
                0x00000b98                ti_sysbios_knl_Clock_TimerProxy_getPeriod__E
 .text.ti_sysbios_knl_Task_SupportProxy_Module__startupDone__S
                0x00000b9c        0x4 C:\Users\WadeJensen\Dropbox\01_EN40\YEAR_4_SEM_1\EGH456\Assignment\ProjectTemplate_RTOS\Debug\configPkg\package\cfg\app_pm4fg.om4fg
                0x00000b9c                ti_sysbios_knl_Task_SupportProxy_Module__startupDone(void) static
 .text.ti_sysbios_knl_Task_SupportProxy_start__E
                0x00000ba0        0x4 C:\Users\WadeJensen\Dropbox\01_EN40\YEAR_4_SEM_1\EGH456\Assignment\ProjectTemplate_RTOS\Debug\configPkg\package\cfg\app_pm4fg.om4fg
                0x00000ba0                ti_sysbios_knl_Task_SupportProxy_start__E
 .text.ti_sysbios_knl_Task_SupportProxy_swap__E
                0x00000ba4        0x4 C:\Users\WadeJensen\Dropbox\01_EN40\YEAR_4_SEM_1\EGH456\Assignment\ProjectTemplate_RTOS\Debug\configPkg\package\cfg\app_pm4fg.om4fg
                0x00000ba4                ti_sysbios_knl_Task_SupportProxy_swap__E
 .text.ti_sysbios_knl_Task_SupportProxy_checkStack__E
                0x00000ba8        0x4 C:\Users\WadeJensen\Dropbox\01_EN40\YEAR_4_SEM_1\EGH456\Assignment\ProjectTemplate_RTOS\Debug\configPkg\package\cfg\app_pm4fg.om4fg
                0x00000ba8                ti_sysbios_knl_Task_SupportProxy_checkStack__E
 .text.xdc_runtime_LoggerBuf_Module_GateProxy_enter__E
                0x00000bac        0x4 C:\Users\WadeJensen\Dropbox\01_EN40\YEAR_4_SEM_1\EGH456\Assignment\ProjectTemplate_RTOS\Debug\configPkg\package\cfg\app_pm4fg.om4fg
                0x00000bac                xdc_runtime_LoggerBuf_Module_GateProxy_enter__E
 .text.xdc_runtime_LoggerBuf_Module_GateProxy_leave__E
                0x00000bb0        0x4 C:\Users\WadeJensen\Dropbox\01_EN40\YEAR_4_SEM_1\EGH456\Assignment\ProjectTemplate_RTOS\Debug\configPkg\package\cfg\app_pm4fg.om4fg
                0x00000bb0                xdc_runtime_LoggerBuf_Module_GateProxy_leave__E
 .text.xdc_runtime_LoggerBuf_TimestampProxy_get64__E
                0x00000bb4        0x4 C:\Users\WadeJensen\Dropbox\01_EN40\YEAR_4_SEM_1\EGH456\Assignment\ProjectTemplate_RTOS\Debug\configPkg\package\cfg\app_pm4fg.om4fg
                0x00000bb4                xdc_runtime_LoggerBuf_TimestampProxy_get64__E
 .text.xdc_runtime_Memory_HeapProxy_alloc__E
                0x00000bb8       0x10 C:\Users\WadeJensen\Dropbox\01_EN40\YEAR_4_SEM_1\EGH456\Assignment\ProjectTemplate_RTOS\Debug\configPkg\package\cfg\app_pm4fg.om4fg
                0x00000bb8                xdc_runtime_Memory_HeapProxy_alloc__E
 .text.xdc_runtime_Memory_HeapProxy_free__E
                0x00000bc8        0x8 C:\Users\WadeJensen\Dropbox\01_EN40\YEAR_4_SEM_1\EGH456\Assignment\ProjectTemplate_RTOS\Debug\configPkg\package\cfg\app_pm4fg.om4fg
                0x00000bc8                xdc_runtime_Memory_HeapProxy_free__E
 .text.xdc_runtime_System_Module_GateProxy_enter__E
                0x00000bd0        0x4 C:\Users\WadeJensen\Dropbox\01_EN40\YEAR_4_SEM_1\EGH456\Assignment\ProjectTemplate_RTOS\Debug\configPkg\package\cfg\app_pm4fg.om4fg
                0x00000bd0                xdc_runtime_System_Module_GateProxy_enter__E
 .text.xdc_runtime_System_Module_GateProxy_leave__E
                0x00000bd4        0x4 C:\Users\WadeJensen\Dropbox\01_EN40\YEAR_4_SEM_1\EGH456\Assignment\ProjectTemplate_RTOS\Debug\configPkg\package\cfg\app_pm4fg.om4fg
                0x00000bd4                xdc_runtime_System_Module_GateProxy_leave__E
 .text.xdc_runtime_System_SupportProxy_abort__E
                0x00000bd8        0x4 C:\Users\WadeJensen\Dropbox\01_EN40\YEAR_4_SEM_1\EGH456\Assignment\ProjectTemplate_RTOS\Debug\configPkg\package\cfg\app_pm4fg.om4fg
                0x00000bd8                xdc_runtime_System_SupportProxy_abort__E
 .text.xdc_runtime_System_SupportProxy_exit__E
                0x00000bdc        0x4 C:\Users\WadeJensen\Dropbox\01_EN40\YEAR_4_SEM_1\EGH456\Assignment\ProjectTemplate_RTOS\Debug\configPkg\package\cfg\app_pm4fg.om4fg
                0x00000bdc                xdc_runtime_System_SupportProxy_exit__E
 .text.xdc_runtime_System_SupportProxy_putch__E
                0x00000be0        0x4 C:\Users\WadeJensen\Dropbox\01_EN40\YEAR_4_SEM_1\EGH456\Assignment\ProjectTemplate_RTOS\Debug\configPkg\package\cfg\app_pm4fg.om4fg
                0x00000be0                xdc_runtime_System_SupportProxy_putch__E
 .text.xdc_runtime_System_SupportProxy_ready__E
                0x00000be4        0x4 C:\Users\WadeJensen\Dropbox\01_EN40\YEAR_4_SEM_1\EGH456\Assignment\ProjectTemplate_RTOS\Debug\configPkg\package\cfg\app_pm4fg.om4fg
                0x00000be4                xdc_runtime_System_SupportProxy_ready__E
 .text.ti_sysbios_family_arm_m3_Hwi_Handle__label__S
                0x00000be8       0x18 C:\Users\WadeJensen\Dropbox\01_EN40\YEAR_4_SEM_1\EGH456\Assignment\ProjectTemplate_RTOS\Debug\configPkg\package\cfg\app_pm4fg.om4fg
                0x00000be8                ti_sysbios_family_arm_m3_Hwi_Handle__label(void) static
 .text.ti_sysbios_family_arm_m3_Hwi_Object__get__S
                0x00000c00       0x1c C:\Users\WadeJensen\Dropbox\01_EN40\YEAR_4_SEM_1\EGH456\Assignment\ProjectTemplate_RTOS\Debug\configPkg\package\cfg\app_pm4fg.om4fg
                0x00000c00                ti_sysbios_family_arm_m3_Hwi_Object__get(void) static
 .text.ti_sysbios_knl_Queue_Object__get__S
                0x00000c1c        0x8 C:\Users\WadeJensen\Dropbox\01_EN40\YEAR_4_SEM_1\EGH456\Assignment\ProjectTemplate_RTOS\Debug\configPkg\package\cfg\app_pm4fg.om4fg
                0x00000c1c                ti_sysbios_knl_Queue_Object__get(void) static
 .text.ti_sysbios_knl_Queue_construct
                0x00000c24       0x2c C:\Users\WadeJensen\Dropbox\01_EN40\YEAR_4_SEM_1\EGH456\Assignment\ProjectTemplate_RTOS\Debug\configPkg\package\cfg\app_pm4fg.om4fg
                0x00000c24                ti_sysbios_knl_Queue_construct
 .text.ti_sysbios_knl_Queue_destruct
                0x00000c50       0x20 C:\Users\WadeJensen\Dropbox\01_EN40\YEAR_4_SEM_1\EGH456\Assignment\ProjectTemplate_RTOS\Debug\configPkg\package\cfg\app_pm4fg.om4fg
                0x00000c50                ti_sysbios_knl_Queue_destruct
 .text.ti_sysbios_knl_Semaphore_construct
                0x00000c70       0x30 C:\Users\WadeJensen\Dropbox\01_EN40\YEAR_4_SEM_1\EGH456\Assignment\ProjectTemplate_RTOS\Debug\configPkg\package\cfg\app_pm4fg.om4fg
                0x00000c70                ti_sysbios_knl_Semaphore_construct
 .text.ti_sysbios_knl_Semaphore_destruct
                0x00000ca0       0x24 C:\Users\WadeJensen\Dropbox\01_EN40\YEAR_4_SEM_1\EGH456\Assignment\ProjectTemplate_RTOS\Debug\configPkg\package\cfg\app_pm4fg.om4fg
                0x00000ca0                ti_sysbios_knl_Semaphore_destruct
 .text.ti_sysbios_knl_Swi_Handle__label__S
                0x00000cc4       0x18 C:\Users\WadeJensen\Dropbox\01_EN40\YEAR_4_SEM_1\EGH456\Assignment\ProjectTemplate_RTOS\Debug\configPkg\package\cfg\app_pm4fg.om4fg
                0x00000cc4                ti_sysbios_knl_Swi_Handle__label(void) static
 .text.ti_sysbios_knl_Swi_Object__get__S
                0x00000cdc       0x1c C:\Users\WadeJensen\Dropbox\01_EN40\YEAR_4_SEM_1\EGH456\Assignment\ProjectTemplate_RTOS\Debug\configPkg\package\cfg\app_pm4fg.om4fg
                0x00000cdc                ti_sysbios_knl_Swi_Object__get(void) static
 .text.ti_sysbios_knl_Task_Handle__label__S
                0x00000cf8       0x18 C:\Users\WadeJensen\Dropbox\01_EN40\YEAR_4_SEM_1\EGH456\Assignment\ProjectTemplate_RTOS\Debug\configPkg\package\cfg\app_pm4fg.om4fg
                0x00000cf8                ti_sysbios_knl_Task_Handle__label(void) static
 .text.ti_sysbios_knl_Task_Object__get__S
                0x00000d10       0x18 C:\Users\WadeJensen\Dropbox\01_EN40\YEAR_4_SEM_1\EGH456\Assignment\ProjectTemplate_RTOS\Debug\configPkg\package\cfg\app_pm4fg.om4fg
                0x00000d10                ti_sysbios_knl_Task_Object__get(void) static
 .text.xdc_runtime_LoggerBuf_Object__get__S
                0x00000d28       0x1c C:\Users\WadeJensen\Dropbox\01_EN40\YEAR_4_SEM_1\EGH456\Assignment\ProjectTemplate_RTOS\Debug\configPkg\package\cfg\app_pm4fg.om4fg
                0x00000d28                xdc_runtime_LoggerBuf_Object__get(void) static
 .text.ti_sysbios_BIOS_getThreadType__E
                0x00000d44        0xc C:\Users\WadeJensen\Dropbox\01_EN40\YEAR_4_SEM_1\EGH456\Assignment\ProjectTemplate_RTOS\src\sysbios\sysbios.am4fg(_BIOS.o)
                0x00000d44                ti_sysbios_BIOS_getThreadType__E
 .text.ti_sysbios_BIOS_setThreadType__E
                0x00000d50       0x10 C:\Users\WadeJensen\Dropbox\01_EN40\YEAR_4_SEM_1\EGH456\Assignment\ProjectTemplate_RTOS\src\sysbios\sysbios.am4fg(_BIOS.o)
                0x00000d50                ti_sysbios_BIOS_setThreadType__E
 .text.ti_sysbios_BIOS_start__E
                0x00000d60        0xc C:\Users\WadeJensen\Dropbox\01_EN40\YEAR_4_SEM_1\EGH456\Assignment\ProjectTemplate_RTOS\src\sysbios\sysbios.am4fg(_BIOS.o)
                0x00000d60                ti_sysbios_BIOS_start__E
 .text.ti_sysbios_BIOS_exit__E
                0x00000d6c        0xc C:\Users\WadeJensen\Dropbox\01_EN40\YEAR_4_SEM_1\EGH456\Assignment\ProjectTemplate_RTOS\src\sysbios\sysbios.am4fg(_BIOS.o)
                0x00000d6c                ti_sysbios_BIOS_exit__E
 .text.ti_sysbios_knl_Clock_Module_startup__E
                0x00000d78       0x24 C:\Users\WadeJensen\Dropbox\01_EN40\YEAR_4_SEM_1\EGH456\Assignment\ProjectTemplate_RTOS\src\sysbios\sysbios.am4fg(knl_Clock.o)
                0x00000d78                ti_sysbios_knl_Clock_Module_startup__E
 .text.ti_sysbios_knl_Clock_getCompletedTicks__E
                0x00000d9c        0xc C:\Users\WadeJensen\Dropbox\01_EN40\YEAR_4_SEM_1\EGH456\Assignment\ProjectTemplate_RTOS\src\sysbios\sysbios.am4fg(knl_Clock.o)
                0x00000d9c                ti_sysbios_knl_Clock_getCompletedTicks__E
 .text.ti_sysbios_knl_Clock_getTickPeriod__E
                0x00000da8        0xc C:\Users\WadeJensen\Dropbox\01_EN40\YEAR_4_SEM_1\EGH456\Assignment\ProjectTemplate_RTOS\src\sysbios\sysbios.am4fg(knl_Clock.o)
                0x00000da8                ti_sysbios_knl_Clock_getTickPeriod__E
 .text.ti_sysbios_knl_Clock_workFunc__E
                0x00000db4       0x94 C:\Users\WadeJensen\Dropbox\01_EN40\YEAR_4_SEM_1\EGH456\Assignment\ProjectTemplate_RTOS\src\sysbios\sysbios.am4fg(knl_Clock.o)
                0x00000db4                ti_sysbios_knl_Clock_workFunc__E
 .text.ti_sysbios_knl_Clock_addI__E
                0x00000e48       0x28 C:\Users\WadeJensen\Dropbox\01_EN40\YEAR_4_SEM_1\EGH456\Assignment\ProjectTemplate_RTOS\src\sysbios\sysbios.am4fg(knl_Clock.o)
                0x00000e48                ti_sysbios_knl_Clock_addI__E
 .text.ti_sysbios_knl_Clock_removeI__E
                0x00000e70        0x4 C:\Users\WadeJensen\Dropbox\01_EN40\YEAR_4_SEM_1\EGH456\Assignment\ProjectTemplate_RTOS\src\sysbios\sysbios.am4fg(knl_Clock.o)
                0x00000e70                ti_sysbios_knl_Clock_removeI__E
 .text.ti_sysbios_knl_Clock_startI__E
                0x00000e74       0x14 C:\Users\WadeJensen\Dropbox\01_EN40\YEAR_4_SEM_1\EGH456\Assignment\ProjectTemplate_RTOS\src\sysbios\sysbios.am4fg(knl_Clock.o)
                0x00000e74                ti_sysbios_knl_Clock_startI__E
 .text.ti_sysbios_knl_Clock_stop__E
                0x00000e88        0x8 C:\Users\WadeJensen\Dropbox\01_EN40\YEAR_4_SEM_1\EGH456\Assignment\ProjectTemplate_RTOS\src\sysbios\sysbios.am4fg(knl_Clock.o)
                0x00000e88                ti_sysbios_knl_Clock_stop__E
 .text.ti_sysbios_knl_Clock_logTick__E
                0x00000e90        0x4 C:\Users\WadeJensen\Dropbox\01_EN40\YEAR_4_SEM_1\EGH456\Assignment\ProjectTemplate_RTOS\src\sysbios\sysbios.am4fg(knl_Clock.o)
                0x00000e90                ti_sysbios_knl_Clock_logTick__E
 .text.ti_sysbios_knl_Idle_loop__E
                0x00000e94       0x24 C:\Users\WadeJensen\Dropbox\01_EN40\YEAR_4_SEM_1\EGH456\Assignment\ProjectTemplate_RTOS\src\sysbios\sysbios.am4fg(knl_Idle.o)
                0x00000e94                ti_sysbios_knl_Idle_loop__E
 .text.ti_sysbios_knl_Idle_run__E
                0x00000eb8       0x24 C:\Users\WadeJensen\Dropbox\01_EN40\YEAR_4_SEM_1\EGH456\Assignment\ProjectTemplate_RTOS\src\sysbios\sysbios.am4fg(knl_Idle.o)
                0x00000eb8                ti_sysbios_knl_Idle_run__E
 .text.ti_sysbios_knl_Queue_Instance_init__E
                0x00000edc        0x8 C:\Users\WadeJensen\Dropbox\01_EN40\YEAR_4_SEM_1\EGH456\Assignment\ProjectTemplate_RTOS\src\sysbios\sysbios.am4fg(knl_Queue.o)
                0x00000edc                ti_sysbios_knl_Queue_Instance_init__E
 .text.ti_sysbios_knl_Queue_dequeue__E
                0x00000ee4        0xc C:\Users\WadeJensen\Dropbox\01_EN40\YEAR_4_SEM_1\EGH456\Assignment\ProjectTemplate_RTOS\src\sysbios\sysbios.am4fg(knl_Queue.o)
                0x00000ee4                ti_sysbios_knl_Queue_dequeue__E
 .text.ti_sysbios_knl_Queue_empty__E
                0x00000ef0        0xc C:\Users\WadeJensen\Dropbox\01_EN40\YEAR_4_SEM_1\EGH456\Assignment\ProjectTemplate_RTOS\src\sysbios\sysbios.am4fg(knl_Queue.o)
                0x00000ef0                ti_sysbios_knl_Queue_empty__E
 .text.ti_sysbios_knl_Queue_enqueue__E
                0x00000efc        0xc C:\Users\WadeJensen\Dropbox\01_EN40\YEAR_4_SEM_1\EGH456\Assignment\ProjectTemplate_RTOS\src\sysbios\sysbios.am4fg(knl_Queue.o)
                0x00000efc                ti_sysbios_knl_Queue_enqueue__E
 .text.ti_sysbios_knl_Queue_head__E
                0x00000f08        0x4 C:\Users\WadeJensen\Dropbox\01_EN40\YEAR_4_SEM_1\EGH456\Assignment\ProjectTemplate_RTOS\src\sysbios\sysbios.am4fg(knl_Queue.o)
                0x00000f08                ti_sysbios_knl_Queue_head__E
 .text.ti_sysbios_knl_Queue_elemClear__E
                0x00000f0c        0x8 C:\Users\WadeJensen\Dropbox\01_EN40\YEAR_4_SEM_1\EGH456\Assignment\ProjectTemplate_RTOS\src\sysbios\sysbios.am4fg(knl_Queue.o)
                0x00000f0c                ti_sysbios_knl_Queue_elemClear__E
 .text.ti_sysbios_knl_Queue_insert__E
                0x00000f14        0xc C:\Users\WadeJensen\Dropbox\01_EN40\YEAR_4_SEM_1\EGH456\Assignment\ProjectTemplate_RTOS\src\sysbios\sysbios.am4fg(knl_Queue.o)
                0x00000f14                ti_sysbios_knl_Queue_insert__E
 .text.ti_sysbios_knl_Queue_next__E
                0x00000f20        0x4 C:\Users\WadeJensen\Dropbox\01_EN40\YEAR_4_SEM_1\EGH456\Assignment\ProjectTemplate_RTOS\src\sysbios\sysbios.am4fg(knl_Queue.o)
                0x00000f20                ti_sysbios_knl_Queue_next__E
 .text.ti_sysbios_knl_Queue_put__E
                0x00000f24       0x1c C:\Users\WadeJensen\Dropbox\01_EN40\YEAR_4_SEM_1\EGH456\Assignment\ProjectTemplate_RTOS\src\sysbios\sysbios.am4fg(knl_Queue.o)
                0x00000f24                ti_sysbios_knl_Queue_put__E
 .text.ti_sysbios_knl_Queue_remove__E
                0x00000f40       0x10 C:\Users\WadeJensen\Dropbox\01_EN40\YEAR_4_SEM_1\EGH456\Assignment\ProjectTemplate_RTOS\src\sysbios\sysbios.am4fg(knl_Queue.o)
                0x00000f40                ti_sysbios_knl_Queue_remove__E
 .text.ti_sysbios_knl_Semaphore_pendTimeout__I
                0x00000f50       0x30 C:\Users\WadeJensen\Dropbox\01_EN40\YEAR_4_SEM_1\EGH456\Assignment\ProjectTemplate_RTOS\src\sysbios\sysbios.am4fg(knl_Semaphore.o)
                0x00000f50                ti_sysbios_knl_Semaphore_pendTimeout(int0_t)
 .text.ti_sysbios_knl_Semaphore_Instance_init__E
                0x00000f80       0xac C:\Users\WadeJensen\Dropbox\01_EN40\YEAR_4_SEM_1\EGH456\Assignment\ProjectTemplate_RTOS\src\sysbios\sysbios.am4fg(knl_Semaphore.o)
                0x00000f80                ti_sysbios_knl_Semaphore_Instance_init__E
 .text.ti_sysbios_knl_Semaphore_Instance_finalize__E
                0x0000102c       0x10 C:\Users\WadeJensen\Dropbox\01_EN40\YEAR_4_SEM_1\EGH456\Assignment\ProjectTemplate_RTOS\src\sysbios\sysbios.am4fg(knl_Semaphore.o)
                0x0000102c                ti_sysbios_knl_Semaphore_Instance_finalize__E
 .text.ti_sysbios_knl_Semaphore_pend__E
                0x0000103c      0x2d0 C:\Users\WadeJensen\Dropbox\01_EN40\YEAR_4_SEM_1\EGH456\Assignment\ProjectTemplate_RTOS\src\sysbios\sysbios.am4fg(knl_Semaphore.o)
                0x0000103c                ti_sysbios_knl_Semaphore_pend__E
 .text.ti_sysbios_knl_Semaphore_post__E
                0x0000130c       0xec C:\Users\WadeJensen\Dropbox\01_EN40\YEAR_4_SEM_1\EGH456\Assignment\ProjectTemplate_RTOS\src\sysbios\sysbios.am4fg(knl_Semaphore.o)
                0x0000130c                ti_sysbios_knl_Semaphore_post__E
 .text.ti_sysbios_knl_Swi_runLoop__I
                0x000013f8       0xc4 C:\Users\WadeJensen\Dropbox\01_EN40\YEAR_4_SEM_1\EGH456\Assignment\ProjectTemplate_RTOS\src\sysbios\sysbios.am4fg(knl_Swi.o)
                0x000013f8                ti_sysbios_knl_Swi_runLoop(int0_t)
 .text.ti_sysbios_knl_Swi_Module_startup__E
                0x000014bc       0x24 C:\Users\WadeJensen\Dropbox\01_EN40\YEAR_4_SEM_1\EGH456\Assignment\ProjectTemplate_RTOS\src\sysbios\sysbios.am4fg(knl_Swi.o)
                0x000014bc                ti_sysbios_knl_Swi_Module_startup__E
 .text.ti_sysbios_knl_Swi_startup__E
                0x000014e0       0x84 C:\Users\WadeJensen\Dropbox\01_EN40\YEAR_4_SEM_1\EGH456\Assignment\ProjectTemplate_RTOS\src\sysbios\sysbios.am4fg(knl_Swi.o)
                0x000014e0                ti_sysbios_knl_Swi_startup__E
 .text.ti_sysbios_knl_Swi_enabled__E
                0x00001564       0x14 C:\Users\WadeJensen\Dropbox\01_EN40\YEAR_4_SEM_1\EGH456\Assignment\ProjectTemplate_RTOS\src\sysbios\sysbios.am4fg(knl_Swi.o)
                0x00001564                ti_sysbios_knl_Swi_enabled__E
 .text.ti_sysbios_knl_Swi_disable__E
                0x00001578       0x14 C:\Users\WadeJensen\Dropbox\01_EN40\YEAR_4_SEM_1\EGH456\Assignment\ProjectTemplate_RTOS\src\sysbios\sysbios.am4fg(knl_Swi.o)
                0x00001578                ti_sysbios_knl_Swi_disable__E
 .text.ti_sysbios_knl_Swi_restoreHwi__E
                0x0000158c       0xd0 C:\Users\WadeJensen\Dropbox\01_EN40\YEAR_4_SEM_1\EGH456\Assignment\ProjectTemplate_RTOS\src\sysbios\sysbios.am4fg(knl_Swi.o)
                0x0000158c                ti_sysbios_knl_Swi_restoreHwi__E
 .text.ti_sysbios_knl_Swi_self__E
                0x0000165c        0xc C:\Users\WadeJensen\Dropbox\01_EN40\YEAR_4_SEM_1\EGH456\Assignment\ProjectTemplate_RTOS\src\sysbios\sysbios.am4fg(knl_Swi.o)
                0x0000165c                ti_sysbios_knl_Swi_self__E
 .text.ti_sysbios_knl_Swi_post__E
                0x00001668       0xa0 C:\Users\WadeJensen\Dropbox\01_EN40\YEAR_4_SEM_1\EGH456\Assignment\ProjectTemplate_RTOS\src\sysbios\sysbios.am4fg(knl_Swi.o)
                0x00001668                ti_sysbios_knl_Swi_post__E
 .text.ti_sysbios_knl_Task_sleepTimeout__I
                0x00001708       0x4c C:\Users\WadeJensen\Dropbox\01_EN40\YEAR_4_SEM_1\EGH456\Assignment\ProjectTemplate_RTOS\src\sysbios\sysbios.am4fg(knl_Task.o)
                0x00001708                ti_sysbios_knl_Task_sleepTimeout(int0_t)
 .text.ti_sysbios_knl_Task_schedule__I
                0x00001754      0x190 C:\Users\WadeJensen\Dropbox\01_EN40\YEAR_4_SEM_1\EGH456\Assignment\ProjectTemplate_RTOS\src\sysbios\sysbios.am4fg(knl_Task.o)
                0x00001754                ti_sysbios_knl_Task_schedule(int0_t)
 .text.ti_sysbios_knl_Task_enter__I
                0x000018e4       0x24 C:\Users\WadeJensen\Dropbox\01_EN40\YEAR_4_SEM_1\EGH456\Assignment\ProjectTemplate_RTOS\src\sysbios\sysbios.am4fg(knl_Task.o)
                0x000018e4                ti_sysbios_knl_Task_enter(int0_t)
 .text.ti_sysbios_knl_Task_exit__E
                0x00001908       0xcc C:\Users\WadeJensen\Dropbox\01_EN40\YEAR_4_SEM_1\EGH456\Assignment\ProjectTemplate_RTOS\src\sysbios\sysbios.am4fg(knl_Task.o)
                0x00001908                ti_sysbios_knl_Task_exit__E
 .text.ti_sysbios_knl_Task_startCore__E
                0x000019d4       0xcc C:\Users\WadeJensen\Dropbox\01_EN40\YEAR_4_SEM_1\EGH456\Assignment\ProjectTemplate_RTOS\src\sysbios\sysbios.am4fg(knl_Task.o)
                0x000019d4                ti_sysbios_knl_Task_startCore__E
 .text.ti_sysbios_knl_Task_startup__E
                0x00001aa0        0x8 C:\Users\WadeJensen\Dropbox\01_EN40\YEAR_4_SEM_1\EGH456\Assignment\ProjectTemplate_RTOS\src\sysbios\sysbios.am4fg(knl_Task.o)
                0x00001aa0                ti_sysbios_knl_Task_startup__E
 .text.ti_sysbios_knl_Task_enabled__E
                0x00001aa8       0x20 C:\Users\WadeJensen\Dropbox\01_EN40\YEAR_4_SEM_1\EGH456\Assignment\ProjectTemplate_RTOS\src\sysbios\sysbios.am4fg(knl_Task.o)
                0x00001aa8                ti_sysbios_knl_Task_enabled__E
 .text.ti_sysbios_knl_Task_disable__E
                0x00001ac8       0x14 C:\Users\WadeJensen\Dropbox\01_EN40\YEAR_4_SEM_1\EGH456\Assignment\ProjectTemplate_RTOS\src\sysbios\sysbios.am4fg(knl_Task.o)
                0x00001ac8                ti_sysbios_knl_Task_disable__E
 .text.ti_sysbios_knl_Task_restore__E
                0x00001adc       0x3c C:\Users\WadeJensen\Dropbox\01_EN40\YEAR_4_SEM_1\EGH456\Assignment\ProjectTemplate_RTOS\src\sysbios\sysbios.am4fg(knl_Task.o)
                0x00001adc                ti_sysbios_knl_Task_restore__E
 .text.ti_sysbios_knl_Task_restoreHwi__E
                0x00001b18       0x28 C:\Users\WadeJensen\Dropbox\01_EN40\YEAR_4_SEM_1\EGH456\Assignment\ProjectTemplate_RTOS\src\sysbios\sysbios.am4fg(knl_Task.o)
                0x00001b18                ti_sysbios_knl_Task_restoreHwi__E
 .text.ti_sysbios_knl_Task_self__E
                0x00001b40        0xc C:\Users\WadeJensen\Dropbox\01_EN40\YEAR_4_SEM_1\EGH456\Assignment\ProjectTemplate_RTOS\src\sysbios\sysbios.am4fg(knl_Task.o)
                0x00001b40                ti_sysbios_knl_Task_self__E
 .text.ti_sysbios_knl_Task_sleep__E
                0x00001b4c      0x218 C:\Users\WadeJensen\Dropbox\01_EN40\YEAR_4_SEM_1\EGH456\Assignment\ProjectTemplate_RTOS\src\sysbios\sysbios.am4fg(knl_Task.o)
                0x00001b4c                ti_sysbios_knl_Task_sleep__E
 .text.ti_sysbios_knl_Task_postInit__I
                0x00001d64       0xfc C:\Users\WadeJensen\Dropbox\01_EN40\YEAR_4_SEM_1\EGH456\Assignment\ProjectTemplate_RTOS\src\sysbios\sysbios.am4fg(knl_Task.o)
                0x00001d64                ti_sysbios_knl_Task_postInit(int0_t)
 .text.ti_sysbios_knl_Task_Module_startup__E
                0x00001e60      0x140 C:\Users\WadeJensen\Dropbox\01_EN40\YEAR_4_SEM_1\EGH456\Assignment\ProjectTemplate_RTOS\src\sysbios\sysbios.am4fg(knl_Task.o)
                0x00001e60                ti_sysbios_knl_Task_Module_startup__E
 .text.ti_sysbios_knl_Task_getPri__E
                0x00001fa0        0x4 C:\Users\WadeJensen\Dropbox\01_EN40\YEAR_4_SEM_1\EGH456\Assignment\ProjectTemplate_RTOS\src\sysbios\sysbios.am4fg(knl_Task.o)
                0x00001fa0                ti_sysbios_knl_Task_getPri__E
 .text.ti_sysbios_knl_Task_blockI__E
                0x00001fa4       0x4c C:\Users\WadeJensen\Dropbox\01_EN40\YEAR_4_SEM_1\EGH456\Assignment\ProjectTemplate_RTOS\src\sysbios\sysbios.am4fg(knl_Task.o)
                0x00001fa4                ti_sysbios_knl_Task_blockI__E
 .text.ti_sysbios_knl_Task_unblockI__E
                0x00001ff0       0x40 C:\Users\WadeJensen\Dropbox\01_EN40\YEAR_4_SEM_1\EGH456\Assignment\ProjectTemplate_RTOS\src\sysbios\sysbios.am4fg(knl_Task.o)
                0x00001ff0                ti_sysbios_knl_Task_unblockI__E
 .text.ti_sysbios_hal_Hwi_Module_startup__E
                0x00002030       0x10 C:\Users\WadeJensen\Dropbox\01_EN40\YEAR_4_SEM_1\EGH456\Assignment\ProjectTemplate_RTOS\src\sysbios\sysbios.am4fg(hal_Hwi.o)
                0x00002030                ti_sysbios_hal_Hwi_Module_startup__E
 .text.ti_sysbios_hal_Hwi_getStackInfo__E
                0x00002040        0x4 C:\Users\WadeJensen\Dropbox\01_EN40\YEAR_4_SEM_1\EGH456\Assignment\ProjectTemplate_RTOS\src\sysbios\sysbios.am4fg(hal_Hwi.o)
                0x00002040                ti_sysbios_hal_Hwi_getStackInfo__E
 .text.ti_sysbios_hal_Hwi_switchFromBootStack__E
                0x00002044        0x4 C:\Users\WadeJensen\Dropbox\01_EN40\YEAR_4_SEM_1\EGH456\Assignment\ProjectTemplate_RTOS\src\sysbios\sysbios.am4fg(hal_Hwi.o)
                0x00002044                ti_sysbios_hal_Hwi_switchFromBootStack__E
 .text.ti_sysbios_hal_Hwi_initStack
                0x00002048       0x24 C:\Users\WadeJensen\Dropbox\01_EN40\YEAR_4_SEM_1\EGH456\Assignment\ProjectTemplate_RTOS\src\sysbios\sysbios.am4fg(hal_Hwi_stack.o)
                0x00002048                ti_sysbios_hal_Hwi_initStack
 .text.ti_sysbios_hal_Hwi_checkStack
                0x0000206c       0x34 C:\Users\WadeJensen\Dropbox\01_EN40\YEAR_4_SEM_1\EGH456\Assignment\ProjectTemplate_RTOS\src\sysbios\sysbios.am4fg(hal_Hwi_stack.o)
                0x0000206c                ti_sysbios_hal_Hwi_checkStack
 .text.ti_sysbios_hal_Hwi_startup__E
                0x000020a0        0x4 C:\Users\WadeJensen\Dropbox\01_EN40\YEAR_4_SEM_1\EGH456\Assignment\ProjectTemplate_RTOS\src\sysbios\sysbios.am4fg(hal_Hwi_startup.o)
                0x000020a0                ti_sysbios_hal_Hwi_startup__E
 .text.ti_sysbios_gates_GateHwi_Instance_init__E
                0x000020a4        0x4 C:\Users\WadeJensen\Dropbox\01_EN40\YEAR_4_SEM_1\EGH456\Assignment\ProjectTemplate_RTOS\src\sysbios\sysbios.am4fg(gates_GateHwi.o)
                0x000020a4                ti_sysbios_gates_GateHwi_Instance_init__E
 .text.ti_sysbios_gates_GateHwi_enter__E
                0x000020a8        0xc C:\Users\WadeJensen\Dropbox\01_EN40\YEAR_4_SEM_1\EGH456\Assignment\ProjectTemplate_RTOS\src\sysbios\sysbios.am4fg(gates_GateHwi.o)
                0x000020a8                ti_sysbios_gates_GateHwi_enter__E
 .text.ti_sysbios_gates_GateHwi_leave__E
                0x000020b4        0x8 C:\Users\WadeJensen\Dropbox\01_EN40\YEAR_4_SEM_1\EGH456\Assignment\ProjectTemplate_RTOS\src\sysbios\sysbios.am4fg(gates_GateHwi.o)
                0x000020b4                ti_sysbios_gates_GateHwi_leave__E
 .text.ti_sysbios_gates_GateHwi_query__E
                0x000020bc        0x4 C:\Users\WadeJensen\Dropbox\01_EN40\YEAR_4_SEM_1\EGH456\Assignment\ProjectTemplate_RTOS\src\sysbios\sysbios.am4fg(gates_GateHwi.o)
                0x000020bc                ti_sysbios_gates_GateHwi_query__E
 .text.ti_sysbios_gates_GateMutex_Instance_init__E
                0x000020c0       0x1c C:\Users\WadeJensen\Dropbox\01_EN40\YEAR_4_SEM_1\EGH456\Assignment\ProjectTemplate_RTOS\src\sysbios\sysbios.am4fg(gates_GateMutex.o)
                0x000020c0                ti_sysbios_gates_GateMutex_Instance_init__E
 .text.ti_sysbios_gates_GateMutex_Instance_finalize__E
                0x000020dc       0x10 C:\Users\WadeJensen\Dropbox\01_EN40\YEAR_4_SEM_1\EGH456\Assignment\ProjectTemplate_RTOS\src\sysbios\sysbios.am4fg(gates_GateMutex.o)
                0x000020dc                ti_sysbios_gates_GateMutex_Instance_finalize__E
 .text.ti_sysbios_gates_GateMutex_enter__E
                0x000020ec       0xc4 C:\Users\WadeJensen\Dropbox\01_EN40\YEAR_4_SEM_1\EGH456\Assignment\ProjectTemplate_RTOS\src\sysbios\sysbios.am4fg(gates_GateMutex.o)
                0x000020ec                ti_sysbios_gates_GateMutex_enter__E
 .text.ti_sysbios_gates_GateMutex_leave__E
                0x000021b0       0x14 C:\Users\WadeJensen\Dropbox\01_EN40\YEAR_4_SEM_1\EGH456\Assignment\ProjectTemplate_RTOS\src\sysbios\sysbios.am4fg(gates_GateMutex.o)
                0x000021b0                ti_sysbios_gates_GateMutex_leave__E
 .text.ti_sysbios_gates_GateMutex_query__E
                0x000021c4        0x4 C:\Users\WadeJensen\Dropbox\01_EN40\YEAR_4_SEM_1\EGH456\Assignment\ProjectTemplate_RTOS\src\sysbios\sysbios.am4fg(gates_GateMutex.o)
                0x000021c4                ti_sysbios_gates_GateMutex_query__E
 .text.ti_sysbios_family_arm_m3_Hwi_Module_startup__E
                0x000021c8      0x114 C:\Users\WadeJensen\Dropbox\01_EN40\YEAR_4_SEM_1\EGH456\Assignment\ProjectTemplate_RTOS\src\sysbios\sysbios.am4fg(m3_Hwi.o)
                0x000021c8                ti_sysbios_family_arm_m3_Hwi_Module_startup__E
 .text.ti_sysbios_family_arm_m3_Hwi_initNVIC__E
                0x000022dc       0x94 C:\Users\WadeJensen\Dropbox\01_EN40\YEAR_4_SEM_1\EGH456\Assignment\ProjectTemplate_RTOS\src\sysbios\sysbios.am4fg(m3_Hwi.o)
                0x000022dc                ti_sysbios_family_arm_m3_Hwi_initNVIC__E
 .text.ti_sysbios_family_arm_m3_Hwi_startup__E
                0x00002370       0x10 C:\Users\WadeJensen\Dropbox\01_EN40\YEAR_4_SEM_1\EGH456\Assignment\ProjectTemplate_RTOS\src\sysbios\sysbios.am4fg(m3_Hwi.o)
                0x00002370                ti_sysbios_family_arm_m3_Hwi_startup__E
 .text.ti_sysbios_family_arm_m3_Hwi_disableInterrupt__E
                0x00002380       0x50 C:\Users\WadeJensen\Dropbox\01_EN40\YEAR_4_SEM_1\EGH456\Assignment\ProjectTemplate_RTOS\src\sysbios\sysbios.am4fg(m3_Hwi.o)
                0x00002380                ti_sysbios_family_arm_m3_Hwi_disableInterrupt__E
 .text.ti_sysbios_family_arm_m3_Hwi_enableInterrupt__E
                0x000023d0       0x4c C:\Users\WadeJensen\Dropbox\01_EN40\YEAR_4_SEM_1\EGH456\Assignment\ProjectTemplate_RTOS\src\sysbios\sysbios.am4fg(m3_Hwi.o)
                0x000023d0                ti_sysbios_family_arm_m3_Hwi_enableInterrupt__E
 .text.ti_sysbios_family_arm_m3_Hwi_clearInterrupt__E
                0x0000241c       0x20 C:\Users\WadeJensen\Dropbox\01_EN40\YEAR_4_SEM_1\EGH456\Assignment\ProjectTemplate_RTOS\src\sysbios\sysbios.am4fg(m3_Hwi.o)
                0x0000241c                ti_sysbios_family_arm_m3_Hwi_clearInterrupt__E
 .text.ti_sysbios_family_arm_m3_Hwi_switchFromBootStack__E
                0x0000243c       0x1c C:\Users\WadeJensen\Dropbox\01_EN40\YEAR_4_SEM_1\EGH456\Assignment\ProjectTemplate_RTOS\src\sysbios\sysbios.am4fg(m3_Hwi.o)
                0x0000243c                ti_sysbios_family_arm_m3_Hwi_switchFromBootStack__E
 .text.ti_sysbios_family_arm_m3_Hwi_getStackInfo__E
                0x00002458       0x44 C:\Users\WadeJensen\Dropbox\01_EN40\YEAR_4_SEM_1\EGH456\Assignment\ProjectTemplate_RTOS\src\sysbios\sysbios.am4fg(m3_Hwi.o)
                0x00002458                ti_sysbios_family_arm_m3_Hwi_getStackInfo__E
 .text.ti_sysbios_family_arm_m3_Hwi_excHandler__I
                0x0000249c       0x20 C:\Users\WadeJensen\Dropbox\01_EN40\YEAR_4_SEM_1\EGH456\Assignment\ProjectTemplate_RTOS\src\sysbios\sysbios.am4fg(m3_Hwi.o)
                0x0000249c                ti_sysbios_family_arm_m3_Hwi_excHandler(int0_t)
 .text.ti_sysbios_family_arm_m3_Hwi_excFillContext__I
                0x000024bc      0x1e4 C:\Users\WadeJensen\Dropbox\01_EN40\YEAR_4_SEM_1\EGH456\Assignment\ProjectTemplate_RTOS\src\sysbios\sysbios.am4fg(m3_Hwi.o)
                0x000024bc                ti_sysbios_family_arm_m3_Hwi_excFillContext(int0_t)
 .text.ti_sysbios_family_arm_m3_Hwi_excHardFault__I
                0x000026a0      0x2c0 C:\Users\WadeJensen\Dropbox\01_EN40\YEAR_4_SEM_1\EGH456\Assignment\ProjectTemplate_RTOS\src\sysbios\sysbios.am4fg(m3_Hwi.o)
                0x000026a0                ti_sysbios_family_arm_m3_Hwi_excHardFault(int0_t)
 .text.ti_sysbios_family_arm_m3_Hwi_excDumpRegs__I
                0x00002960      0x1e8 C:\Users\WadeJensen\Dropbox\01_EN40\YEAR_4_SEM_1\EGH456\Assignment\ProjectTemplate_RTOS\src\sysbios\sysbios.am4fg(m3_Hwi.o)
                0x00002960                ti_sysbios_family_arm_m3_Hwi_excDumpRegs(int0_t)
 .text.ti_sysbios_family_arm_m3_Hwi_excHandlerMax__I
                0x00002b48      0x3a0 C:\Users\WadeJensen\Dropbox\01_EN40\YEAR_4_SEM_1\EGH456\Assignment\ProjectTemplate_RTOS\src\sysbios\sysbios.am4fg(m3_Hwi.o)
                0x00002b48                ti_sysbios_family_arm_m3_Hwi_excHandlerMax(int0_t)
 .text.ti_sysbios_family_arm_m3_Hwi_dispatchC__I
                0x00002ee8       0x68 C:\Users\WadeJensen\Dropbox\01_EN40\YEAR_4_SEM_1\EGH456\Assignment\ProjectTemplate_RTOS\src\sysbios\sysbios.am4fg(m3_Hwi.o)
                0x00002ee8                ti_sysbios_family_arm_m3_Hwi_dispatchC(int0_t)
 .text.ti_sysbios_family_arm_m3_Hwi_doSwiRestore__I
                0x00002f50        0x8 C:\Users\WadeJensen\Dropbox\01_EN40\YEAR_4_SEM_1\EGH456\Assignment\ProjectTemplate_RTOS\src\sysbios\sysbios.am4fg(m3_Hwi.o)
                0x00002f50                ti_sysbios_family_arm_m3_Hwi_doSwiRestore(int0_t)
 .text.ti_sysbios_family_arm_m3_Hwi_doTaskRestore__I
                0x00002f58        0x8 C:\Users\WadeJensen\Dropbox\01_EN40\YEAR_4_SEM_1\EGH456\Assignment\ProjectTemplate_RTOS\src\sysbios\sysbios.am4fg(m3_Hwi.o)
                0x00002f58                ti_sysbios_family_arm_m3_Hwi_doTaskRestore(int0_t)
 .text.ti_sysbios_family_arm_m3_TaskSupport_start__E
                0x00002f60       0x40 C:\Users\WadeJensen\Dropbox\01_EN40\YEAR_4_SEM_1\EGH456\Assignment\ProjectTemplate_RTOS\src\sysbios\sysbios.am4fg(m3_TaskSupport.o)
                0x00002f60                ti_sysbios_family_arm_m3_TaskSupport_start__E
 .text.ti_sysbios_family_arm_m3_TaskSupport_checkStack__E
                0x00002fa0       0x10 C:\Users\WadeJensen\Dropbox\01_EN40\YEAR_4_SEM_1\EGH456\Assignment\ProjectTemplate_RTOS\src\sysbios\sysbios.am4fg(m3_TaskSupport.o)
                0x00002fa0                ti_sysbios_family_arm_m3_TaskSupport_checkStack__E
 .text.ti_sysbios_family_arm_lm4_TimestampProvider_Module_startup__E
                0x00002fb0        0x8 C:\Users\WadeJensen\Dropbox\01_EN40\YEAR_4_SEM_1\EGH456\Assignment\ProjectTemplate_RTOS\src\sysbios\sysbios.am4fg(lm4_TimestampProvider.o)
                0x00002fb0                ti_sysbios_family_arm_lm4_TimestampProvider_Module_startup__E
 .text.ti_sysbios_family_arm_lm4_TimestampProvider_startTimer__E
                0x00002fb8        0xc C:\Users\WadeJensen\Dropbox\01_EN40\YEAR_4_SEM_1\EGH456\Assignment\ProjectTemplate_RTOS\src\sysbios\sysbios.am4fg(lm4_TimestampProvider.o)
                0x00002fb8                ti_sysbios_family_arm_lm4_TimestampProvider_startTimer__E
 .text.ti_sysbios_family_arm_lm4_TimestampProvider_rolloverFunc__E
                0x00002fc4       0x10 C:\Users\WadeJensen\Dropbox\01_EN40\YEAR_4_SEM_1\EGH456\Assignment\ProjectTemplate_RTOS\src\sysbios\sysbios.am4fg(lm4_TimestampProvider.o)
                0x00002fc4                ti_sysbios_family_arm_lm4_TimestampProvider_rolloverFunc__E
 .text.ti_sysbios_family_arm_lm4_TimestampProvider_get64__E
                0x00002fd4       0x58 C:\Users\WadeJensen\Dropbox\01_EN40\YEAR_4_SEM_1\EGH456\Assignment\ProjectTemplate_RTOS\src\sysbios\sysbios.am4fg(lm4_TimestampProvider.o)
                0x00002fd4                ti_sysbios_family_arm_lm4_TimestampProvider_get64__E
 .text.ti_sysbios_family_arm_lm4_Timer_getMaxTicks__E
                0x0000302c        0xc C:\Users\WadeJensen\Dropbox\01_EN40\YEAR_4_SEM_1\EGH456\Assignment\ProjectTemplate_RTOS\src\sysbios\sysbios.am4fg(lm4_Timer.o)
                0x0000302c                ti_sysbios_family_arm_lm4_Timer_getMaxTicks__E
 .text.ti_sysbios_family_arm_lm4_Timer_getPeriod__E
                0x00003038        0x4 C:\Users\WadeJensen\Dropbox\01_EN40\YEAR_4_SEM_1\EGH456\Assignment\ProjectTemplate_RTOS\src\sysbios\sysbios.am4fg(lm4_Timer.o)
                0x00003038                ti_sysbios_family_arm_lm4_Timer_getPeriod__E
 .text.ti_sysbios_family_arm_lm4_Timer_getExpiredCounts64__E
                0x0000303c       0xa8 C:\Users\WadeJensen\Dropbox\01_EN40\YEAR_4_SEM_1\EGH456\Assignment\ProjectTemplate_RTOS\src\sysbios\sysbios.am4fg(lm4_Timer.o)
                0x0000303c                ti_sysbios_family_arm_lm4_Timer_getExpiredCounts64__E
 .text.ti_sysbios_family_arm_lm4_Timer_getExpiredCounts__E
                0x000030e4       0x7c C:\Users\WadeJensen\Dropbox\01_EN40\YEAR_4_SEM_1\EGH456\Assignment\ProjectTemplate_RTOS\src\sysbios\sysbios.am4fg(lm4_Timer.o)
                0x000030e4                ti_sysbios_family_arm_lm4_Timer_getExpiredCounts__E
 .text.ti_sysbios_family_arm_lm4_Timer_masterDisable__I
                0x00003160        0x8 C:\Users\WadeJensen\Dropbox\01_EN40\YEAR_4_SEM_1\EGH456\Assignment\ProjectTemplate_RTOS\src\sysbios\sysbios.am4fg(lm4_Timer.o)
                0x00003160                ti_sysbios_family_arm_lm4_Timer_masterDisable(int0_t)
 .text.ti_sysbios_family_arm_lm4_Timer_masterEnable__I
                0x00003168        0x4 C:\Users\WadeJensen\Dropbox\01_EN40\YEAR_4_SEM_1\EGH456\Assignment\ProjectTemplate_RTOS\src\sysbios\sysbios.am4fg(lm4_Timer.o)
                0x00003168                ti_sysbios_family_arm_lm4_Timer_masterEnable(int0_t)
 .text.ti_sysbios_family_arm_lm4_Timer_isrStub__E
                0x0000316c       0x68 C:\Users\WadeJensen\Dropbox\01_EN40\YEAR_4_SEM_1\EGH456\Assignment\ProjectTemplate_RTOS\src\sysbios\sysbios.am4fg(lm4_Timer.o)
                0x0000316c                ti_sysbios_family_arm_lm4_Timer_isrStub__E
 .text.ti_sysbios_family_arm_lm4_Timer_enableTimers__I
                0x000031d4       0x9c C:\Users\WadeJensen\Dropbox\01_EN40\YEAR_4_SEM_1\EGH456\Assignment\ProjectTemplate_RTOS\src\sysbios\sysbios.am4fg(lm4_Timer.o)
                0x000031d4                ti_sysbios_family_arm_lm4_Timer_enableTimers(int0_t)
 .text.ti_sysbios_family_arm_lm4_Timer_Module_startup__E
                0x00003270       0xb4 C:\Users\WadeJensen\Dropbox\01_EN40\YEAR_4_SEM_1\EGH456\Assignment\ProjectTemplate_RTOS\src\sysbios\sysbios.am4fg(lm4_Timer.o)
                0x00003270                ti_sysbios_family_arm_lm4_Timer_Module_startup__E
 .text.ti_sysbios_family_arm_lm4_Timer_start__E
                0x00003324      0x254 C:\Users\WadeJensen\Dropbox\01_EN40\YEAR_4_SEM_1\EGH456\Assignment\ProjectTemplate_RTOS\src\sysbios\sysbios.am4fg(lm4_Timer.o)
                0x00003324                ti_sysbios_family_arm_lm4_Timer_start__E
 .text.ti_sysbios_family_arm_lm4_Timer_startup__E
                0x00003578       0x4c C:\Users\WadeJensen\Dropbox\01_EN40\YEAR_4_SEM_1\EGH456\Assignment\ProjectTemplate_RTOS\src\sysbios\sysbios.am4fg(lm4_Timer.o)
                0x00003578                ti_sysbios_family_arm_lm4_Timer_startup__E
 .text.ti_sysbios_family_arm_lm4_Timer_enableTiva__I
                0x000035c4       0xac C:\Users\WadeJensen\Dropbox\01_EN40\YEAR_4_SEM_1\EGH456\Assignment\ProjectTemplate_RTOS\src\sysbios\sysbios.am4fg(lm4_Timer.o)
                0x000035c4                ti_sysbios_family_arm_lm4_Timer_enableTiva(int0_t)
 .text.ti_catalog_arm_cortexm4_tiva_ce_Boot_sysCtlClockFreqSet__E
                0x00003670       0xa0 C:\ti\tirtos_tivac_2_12_01_33\products\bios_6_41_04_54\packages\ti\catalog\arm\cortexm4\tiva\ce\lib\Boot.am4fg(Boot.om4fg)
                0x00003670                ti_catalog_arm_cortexm4_tiva_ce_Boot_sysCtlClockFreqSet__E
 .text.ti_catalog_arm_cortexm4_tiva_ce_Boot_sysCtlClockFreqSetI__I
                0x00003710      0x2fc C:\ti\tirtos_tivac_2_12_01_33\products\bios_6_41_04_54\packages\ti\catalog\arm\cortexm4\tiva\ce\lib\Boot.am4fg(Boot_sysctl.om4fg)
                0x00003710                ti_catalog_arm_cortexm4_tiva_ce_Boot_sysCtlClockFreqSetI(int0_t)
 .text.xdc_runtime_Assert_raise__I
                0x00003a0c       0x54 C:\ti\tirtos_tivac_2_12_01_33\products\bios_6_41_04_54\packages\gnu\targets\arm\rtsv7M\lib\gnu.targets.arm.rtsv7M.am4fg(Assert.om4fg)
                0x00003a0c                xdc_runtime_Assert_raise(int0_t)
 .text.xdc_runtime_Core_createObject__I
                0x00003a60       0xf0 C:\ti\tirtos_tivac_2_12_01_33\products\bios_6_41_04_54\packages\gnu\targets\arm\rtsv7M\lib\gnu.targets.arm.rtsv7M.am4fg(Core-mem.om4fg)
                0x00003a60                xdc_runtime_Core_createObject(int0_t)
 .text.xdc_runtime_Core_deleteObject__I
                0x00003b50       0x60 C:\ti\tirtos_tivac_2_12_01_33\products\bios_6_41_04_54\packages\gnu\targets\arm\rtsv7M\lib\gnu.targets.arm.rtsv7M.am4fg(Core-mem.om4fg)
                0x00003b50                xdc_runtime_Core_deleteObject(int0_t)
 .text.xdc_runtime_Core_constructObject__I
                0x00003bb0       0xbc C:\ti\tirtos_tivac_2_12_01_33\products\bios_6_41_04_54\packages\gnu\targets\arm\rtsv7M\lib\gnu.targets.arm.rtsv7M.am4fg(Core-smem.om4fg)
                0x00003bb0                xdc_runtime_Core_constructObject(int0_t)
 .text.xdc_runtime_Core_assignLabel__I
                0x00003c6c       0x3c C:\ti\tirtos_tivac_2_12_01_33\products\bios_6_41_04_54\packages\gnu\targets\arm\rtsv7M\lib\gnu.targets.arm.rtsv7M.am4fg(Core-label.om4fg)
                0x00003c6c                xdc_runtime_Core_assignLabel(int0_t)
 .text.xdc_runtime_Core_assignParams__I
                0x00003ca8       0x40 C:\ti\tirtos_tivac_2_12_01_33\products\bios_6_41_04_54\packages\gnu\targets\arm\rtsv7M\lib\gnu.targets.arm.rtsv7M.am4fg(Core-params.om4fg)
                0x00003ca8                xdc_runtime_Core_assignParams(int0_t)
 .text.xdc_runtime_Error_init__E
                0x00003ce8        0xc C:\ti\tirtos_tivac_2_12_01_33\products\bios_6_41_04_54\packages\gnu\targets\arm\rtsv7M\lib\gnu.targets.arm.rtsv7M.am4fg(Error.om4fg)
                0x00003ce8                xdc_runtime_Error_init__E
 .text.xdc_runtime_Error_check__E
                0x00003cf4       0x20 C:\ti\tirtos_tivac_2_12_01_33\products\bios_6_41_04_54\packages\gnu\targets\arm\rtsv7M\lib\gnu.targets.arm.rtsv7M.am4fg(Error.om4fg)
                0x00003cf4                xdc_runtime_Error_check__E
 .text.xdc_runtime_Error_print__E
                0x00003d14       0x54 C:\ti\tirtos_tivac_2_12_01_33\products\bios_6_41_04_54\packages\gnu\targets\arm\rtsv7M\lib\gnu.targets.arm.rtsv7M.am4fg(Error.om4fg)
                0x00003d14                xdc_runtime_Error_print__E
 .text.xdc_runtime_Error_raiseX__E
                0x00003d68       0x20 C:\ti\tirtos_tivac_2_12_01_33\products\bios_6_41_04_54\packages\gnu\targets\arm\rtsv7M\lib\gnu.targets.arm.rtsv7M.am4fg(Error.om4fg)
                0x00003d68                xdc_runtime_Error_raiseX__E
 .text.xdc_runtime_Error_setX__E
                0x00003d88       0x48 C:\ti\tirtos_tivac_2_12_01_33\products\bios_6_41_04_54\packages\gnu\targets\arm\rtsv7M\lib\gnu.targets.arm.rtsv7M.am4fg(Error.om4fg)
                0x00003d88                xdc_runtime_Error_setX__E
 .text.xdc_runtime_Error_policyDefault__E
                0x00003dd0      0x100 C:\ti\tirtos_tivac_2_12_01_33\products\bios_6_41_04_54\packages\gnu\targets\arm\rtsv7M\lib\gnu.targets.arm.rtsv7M.am4fg(Error.om4fg)
                0x00003dd0                xdc_runtime_Error_policyDefault__E
 .text.xdc_runtime_Gate_enterSystem__E
                0x00003ed0        0xc C:\ti\tirtos_tivac_2_12_01_33\products\bios_6_41_04_54\packages\gnu\targets\arm\rtsv7M\lib\gnu.targets.arm.rtsv7M.am4fg(Gate.om4fg)
                0x00003ed0                xdc_runtime_Gate_enterSystem__E
 .text.xdc_runtime_Gate_leaveSystem__E
                0x00003edc       0x10 C:\ti\tirtos_tivac_2_12_01_33\products\bios_6_41_04_54\packages\gnu\targets\arm\rtsv7M\lib\gnu.targets.arm.rtsv7M.am4fg(Gate.om4fg)
                0x00003edc                xdc_runtime_Gate_leaveSystem__E
 .text.xdc_runtime_HeapStd_Instance_init__E
                0x00003eec       0xcc C:\ti\tirtos_tivac_2_12_01_33\products\bios_6_41_04_54\packages\gnu\targets\arm\rtsv7M\lib\gnu.targets.arm.rtsv7M.am4fg(HeapStd.om4fg)
                0x00003eec                xdc_runtime_HeapStd_Instance_init__E
 .text.xdc_runtime_HeapStd_alloc__E
                0x00003fb8      0x168 C:\ti\tirtos_tivac_2_12_01_33\products\bios_6_41_04_54\packages\gnu\targets\arm\rtsv7M\lib\gnu.targets.arm.rtsv7M.am4fg(HeapStd.om4fg)
                0x00003fb8                xdc_runtime_HeapStd_alloc__E
 .text.xdc_runtime_HeapStd_free__E
                0x00004120       0xa8 C:\ti\tirtos_tivac_2_12_01_33\products\bios_6_41_04_54\packages\gnu\targets\arm\rtsv7M\lib\gnu.targets.arm.rtsv7M.am4fg(HeapStd.om4fg)
                0x00004120                xdc_runtime_HeapStd_free__E
 .text.xdc_runtime_HeapStd_isBlocking__E
                0x000041c8        0x4 C:\ti\tirtos_tivac_2_12_01_33\products\bios_6_41_04_54\packages\gnu\targets\arm\rtsv7M\lib\gnu.targets.arm.rtsv7M.am4fg(HeapStd.om4fg)
                0x000041c8                xdc_runtime_HeapStd_isBlocking__E
 .text.xdc_runtime_HeapStd_getStats__E
                0x000041cc       0x10 C:\ti\tirtos_tivac_2_12_01_33\products\bios_6_41_04_54\packages\gnu\targets\arm\rtsv7M\lib\gnu.targets.arm.rtsv7M.am4fg(HeapStd.om4fg)
                0x000041cc                xdc_runtime_HeapStd_getStats__E
 .text.xdc_runtime_LoggerBuf_Instance_finalize__E
                0x000041dc       0x14 C:\ti\tirtos_tivac_2_12_01_33\products\bios_6_41_04_54\packages\gnu\targets\arm\rtsv7M\lib\gnu.targets.arm.rtsv7M.am4fg(LoggerBuf.om4fg)
                0x000041dc                xdc_runtime_LoggerBuf_Instance_finalize__E
 .text.xdc_runtime_LoggerBuf_enable__E
                0x000041f0        0xc C:\ti\tirtos_tivac_2_12_01_33\products\bios_6_41_04_54\packages\gnu\targets\arm\rtsv7M\lib\gnu.targets.arm.rtsv7M.am4fg(LoggerBuf.om4fg)
                0x000041f0                xdc_runtime_LoggerBuf_enable__E
 .text.xdc_runtime_LoggerBuf_disable__E
                0x000041fc        0xc C:\ti\tirtos_tivac_2_12_01_33\products\bios_6_41_04_54\packages\gnu\targets\arm\rtsv7M\lib\gnu.targets.arm.rtsv7M.am4fg(LoggerBuf.om4fg)
                0x000041fc                xdc_runtime_LoggerBuf_disable__E
 .text.xdc_runtime_LoggerBuf_reset__E
                0x00004208       0x20 C:\ti\tirtos_tivac_2_12_01_33\products\bios_6_41_04_54\packages\gnu\targets\arm\rtsv7M\lib\gnu.targets.arm.rtsv7M.am4fg(LoggerBuf.om4fg)
                0x00004208                xdc_runtime_LoggerBuf_reset__E
 .text.xdc_runtime_LoggerBuf_Module_startup__E
                0x00004228       0x28 C:\ti\tirtos_tivac_2_12_01_33\products\bios_6_41_04_54\packages\gnu\targets\arm\rtsv7M\lib\gnu.targets.arm.rtsv7M.am4fg(LoggerBuf.om4fg)
                0x00004228                xdc_runtime_LoggerBuf_Module_startup__E
 .text.xdc_runtime_LoggerBuf_Instance_init__E
                0x00004250       0x3c C:\ti\tirtos_tivac_2_12_01_33\products\bios_6_41_04_54\packages\gnu\targets\arm\rtsv7M\lib\gnu.targets.arm.rtsv7M.am4fg(LoggerBuf.om4fg)
                0x00004250                xdc_runtime_LoggerBuf_Instance_init__E
 .text.xdc_runtime_LoggerBuf_setFilterLevel__E
                0x0000428c       0x88 C:\ti\tirtos_tivac_2_12_01_33\products\bios_6_41_04_54\packages\gnu\targets\arm\rtsv7M\lib\gnu.targets.arm.rtsv7M.am4fg(LoggerBuf.om4fg)
                0x0000428c                xdc_runtime_LoggerBuf_setFilterLevel__E
 .text.xdc_runtime_LoggerBuf_getFilterLevel__E
                0x00004314       0x78 C:\ti\tirtos_tivac_2_12_01_33\products\bios_6_41_04_54\packages\gnu\targets\arm\rtsv7M\lib\gnu.targets.arm.rtsv7M.am4fg(LoggerBuf.om4fg)
                0x00004314                xdc_runtime_LoggerBuf_getFilterLevel__E
 .text.xdc_runtime_LoggerBuf_filterOutEvent__I
                0x0000438c       0x44 C:\ti\tirtos_tivac_2_12_01_33\products\bios_6_41_04_54\packages\gnu\targets\arm\rtsv7M\lib\gnu.targets.arm.rtsv7M.am4fg(LoggerBuf.om4fg)
                0x0000438c                xdc_runtime_LoggerBuf_filterOutEvent(int0_t)
 .text.xdc_runtime_LoggerBuf_write4__E
                0x000043d0       0xd4 C:\ti\tirtos_tivac_2_12_01_33\products\bios_6_41_04_54\packages\gnu\targets\arm\rtsv7M\lib\gnu.targets.arm.rtsv7M.am4fg(LoggerBuf.om4fg)
                0x000043d0                xdc_runtime_LoggerBuf_write4__E
 .text.xdc_runtime_LoggerBuf_write0__E
                0x000044a4       0x18 C:\ti\tirtos_tivac_2_12_01_33\products\bios_6_41_04_54\packages\gnu\targets\arm\rtsv7M\lib\gnu.targets.arm.rtsv7M.am4fg(LoggerBuf.om4fg)
                0x000044a4                xdc_runtime_LoggerBuf_write0__E
 .text.xdc_runtime_LoggerBuf_write1__E
                0x000044bc       0x14 C:\ti\tirtos_tivac_2_12_01_33\products\bios_6_41_04_54\packages\gnu\targets\arm\rtsv7M\lib\gnu.targets.arm.rtsv7M.am4fg(LoggerBuf.om4fg)
                0x000044bc                xdc_runtime_LoggerBuf_write1__E
 .text.xdc_runtime_LoggerBuf_write2__E
                0x000044d0       0x18 C:\ti\tirtos_tivac_2_12_01_33\products\bios_6_41_04_54\packages\gnu\targets\arm\rtsv7M\lib\gnu.targets.arm.rtsv7M.am4fg(LoggerBuf.om4fg)
                0x000044d0                xdc_runtime_LoggerBuf_write2__E
 .text.xdc_runtime_LoggerBuf_write8__E
                0x000044e8      0x19c C:\ti\tirtos_tivac_2_12_01_33\products\bios_6_41_04_54\packages\gnu\targets\arm\rtsv7M\lib\gnu.targets.arm.rtsv7M.am4fg(LoggerBuf.om4fg)
                0x000044e8                xdc_runtime_LoggerBuf_write8__E
 .text.xdc_runtime_Memory_alloc__E
                0x00004684       0x80 C:\ti\tirtos_tivac_2_12_01_33\products\bios_6_41_04_54\packages\gnu\targets\arm\rtsv7M\lib\gnu.targets.arm.rtsv7M.am4fg(Memory.om4fg)
                0x00004684                xdc_runtime_Memory_alloc__E
 .text.xdc_runtime_Memory_getMaxDefaultTypeAlign__E
                0x00004704        0xc C:\ti\tirtos_tivac_2_12_01_33\products\bios_6_41_04_54\packages\gnu\targets\arm\rtsv7M\lib\gnu.targets.arm.rtsv7M.am4fg(Memory.om4fg)
                0x00004704                xdc_runtime_Memory_getMaxDefaultTypeAlign__E
 .text.xdc_runtime_Memory_free__E
                0x00004710       0x14 C:\ti\tirtos_tivac_2_12_01_33\products\bios_6_41_04_54\packages\gnu\targets\arm\rtsv7M\lib\gnu.targets.arm.rtsv7M.am4fg(Memory.om4fg)
                0x00004710                xdc_runtime_Memory_free__E
 .text.xdc_runtime_Memory_valloc__E
                0x00004724       0x1c C:\ti\tirtos_tivac_2_12_01_33\products\bios_6_41_04_54\packages\gnu\targets\arm\rtsv7M\lib\gnu.targets.arm.rtsv7M.am4fg(Memory.om4fg)
                0x00004724                xdc_runtime_Memory_valloc__E
 .text.xdc_runtime_Memory_calloc__E
                0x00004740       0x14 C:\ti\tirtos_tivac_2_12_01_33\products\bios_6_41_04_54\packages\gnu\targets\arm\rtsv7M\lib\gnu.targets.arm.rtsv7M.am4fg(Memory.om4fg)
                0x00004740                xdc_runtime_Memory_calloc__E
 .text.xdc_runtime_Startup_exec__E
                0x00004754       0x5c C:\ti\tirtos_tivac_2_12_01_33\products\bios_6_41_04_54\packages\gnu\targets\arm\rtsv7M\lib\gnu.targets.arm.rtsv7M.am4fg(Startup.om4fg)
                0x00004754                xdc_runtime_Startup_exec__E
 .text.xdc_runtime_Startup_startMods__I
                0x000047b0       0xe8 C:\ti\tirtos_tivac_2_12_01_33\products\bios_6_41_04_54\packages\gnu\targets\arm\rtsv7M\lib\gnu.targets.arm.rtsv7M.am4fg(Startup.om4fg)
                0x000047b0                xdc_runtime_Startup_startMods(int0_t)
 .text.xdc_runtime_System_Module_startup__E
                0x00004898        0x8 C:\ti\tirtos_tivac_2_12_01_33\products\bios_6_41_04_54\packages\gnu\targets\arm\rtsv7M\lib\gnu.targets.arm.rtsv7M.am4fg(System.om4fg)
                0x00004898                xdc_runtime_System_Module_startup__E
 .text.xdc_runtime_System_abort__E
                0x000048a0       0x1c C:\ti\tirtos_tivac_2_12_01_33\products\bios_6_41_04_54\packages\gnu\targets\arm\rtsv7M\lib\gnu.targets.arm.rtsv7M.am4fg(System.om4fg)
                0x000048a0                xdc_runtime_System_abort__E
 .text.xdc_runtime_System_atexit__E
                0x000048bc       0x3c C:\ti\tirtos_tivac_2_12_01_33\products\bios_6_41_04_54\packages\gnu\targets\arm\rtsv7M\lib\gnu.targets.arm.rtsv7M.am4fg(System.om4fg)
                0x000048bc                xdc_runtime_System_atexit__E
 .text.xdc_runtime_System_abortStd__E
                0x000048f8        0x8 C:\ti\tirtos_tivac_2_12_01_33\products\bios_6_41_04_54\packages\gnu\targets\arm\rtsv7M\lib\gnu.targets.arm.rtsv7M.am4fg(System.om4fg)
                0x000048f8                xdc_runtime_System_abortStd__E
 .text.xdc_runtime_System_exitStd__E
                0x00004900        0x8 C:\ti\tirtos_tivac_2_12_01_33\products\bios_6_41_04_54\packages\gnu\targets\arm\rtsv7M\lib\gnu.targets.arm.rtsv7M.am4fg(System.om4fg)
                0x00004900                xdc_runtime_System_exitStd__E
 .text.xdc_runtime_System_processAtExit__E
                0x00004908       0x38 C:\ti\tirtos_tivac_2_12_01_33\products\bios_6_41_04_54\packages\gnu\targets\arm\rtsv7M\lib\gnu.targets.arm.rtsv7M.am4fg(System.om4fg)
                0x00004908                xdc_runtime_System_processAtExit__E
 .text.xdc_runtime_System_exit__E
                0x00004940       0x18 C:\ti\tirtos_tivac_2_12_01_33\products\bios_6_41_04_54\packages\gnu\targets\arm\rtsv7M\lib\gnu.targets.arm.rtsv7M.am4fg(System.om4fg)
                0x00004940                xdc_runtime_System_exit__E
 .text.xdc_runtime_System_formatNum__I
                0x00004958       0x68 C:\ti\tirtos_tivac_2_12_01_33\products\bios_6_41_04_54\packages\gnu\targets\arm\rtsv7M\lib\gnu.targets.arm.rtsv7M.am4fg(System.om4fg)
                0x00004958                xdc_runtime_System_formatNum(int0_t)
 .text.xdc_runtime_System_putchar__I
                0x000049c0       0x34 C:\ti\tirtos_tivac_2_12_01_33\products\bios_6_41_04_54\packages\gnu\targets\arm\rtsv7M\lib\gnu.targets.arm.rtsv7M.am4fg(System.om4fg)
                0x000049c0                xdc_runtime_System_putchar(int0_t)
 .text.xdc_runtime_System_doPrint__I
                0x000049f4      0x338 C:\ti\tirtos_tivac_2_12_01_33\products\bios_6_41_04_54\packages\gnu\targets\arm\rtsv7M\lib\gnu.targets.arm.rtsv7M.am4fg(System.om4fg)
                0x000049f4                xdc_runtime_System_doPrint(int0_t)
 .text.xdc_runtime_System_avprintf__E
                0x00004d2c       0x2c C:\ti\tirtos_tivac_2_12_01_33\products\bios_6_41_04_54\packages\gnu\targets\arm\rtsv7M\lib\gnu.targets.arm.rtsv7M.am4fg(System.om4fg)
                0x00004d2c                xdc_runtime_System_avprintf__E
 .text.xdc_runtime_System_aprintf_va__F
                0x00004d58        0x4 C:\ti\tirtos_tivac_2_12_01_33\products\bios_6_41_04_54\packages\gnu\targets\arm\rtsv7M\lib\gnu.targets.arm.rtsv7M.am4fg(System.om4fg)
                0x00004d58                xdc_runtime_System_aprintf_va(void)
 .text.xdc_runtime_System_vprintf__E
                0x00004d5c       0x28 C:\ti\tirtos_tivac_2_12_01_33\products\bios_6_41_04_54\packages\gnu\targets\arm\rtsv7M\lib\gnu.targets.arm.rtsv7M.am4fg(System.om4fg)
                0x00004d5c                xdc_runtime_System_vprintf__E
 .text.xdc_runtime_System_printf_va__F
                0x00004d84        0x4 C:\ti\tirtos_tivac_2_12_01_33\products\bios_6_41_04_54\packages\gnu\targets\arm\rtsv7M\lib\gnu.targets.arm.rtsv7M.am4fg(System.om4fg)
                0x00004d84                xdc_runtime_System_printf_va(void)
 .text.xdc_runtime_System_vsnprintf__E
                0x00004d88       0x18 C:\ti\tirtos_tivac_2_12_01_33\products\bios_6_41_04_54\packages\gnu\targets\arm\rtsv7M\lib\gnu.targets.arm.rtsv7M.am4fg(System.om4fg)
                0x00004d88                xdc_runtime_System_vsnprintf__E
 .text.xdc_runtime_SysMin_Module_startup__E
                0x00004da0       0x20 C:\ti\tirtos_tivac_2_12_01_33\products\bios_6_41_04_54\packages\gnu\targets\arm\rtsv7M\lib\gnu.targets.arm.rtsv7M.am4fg(SysMin.om4fg)
                0x00004da0                xdc_runtime_SysMin_Module_startup__E
 .text.xdc_runtime_SysMin_putch__E
                0x00004dc0       0x4c C:\ti\tirtos_tivac_2_12_01_33\products\bios_6_41_04_54\packages\gnu\targets\arm\rtsv7M\lib\gnu.targets.arm.rtsv7M.am4fg(SysMin.om4fg)
                0x00004dc0                xdc_runtime_SysMin_putch__E
 .text.xdc_runtime_SysMin_ready__E
                0x00004e0c       0x10 C:\ti\tirtos_tivac_2_12_01_33\products\bios_6_41_04_54\packages\gnu\targets\arm\rtsv7M\lib\gnu.targets.arm.rtsv7M.am4fg(SysMin.om4fg)
                0x00004e0c                xdc_runtime_SysMin_ready__E
 .text.xdc_runtime_SysMin_flush__E
                0x00004e1c       0x54 C:\ti\tirtos_tivac_2_12_01_33\products\bios_6_41_04_54\packages\gnu\targets\arm\rtsv7M\lib\gnu.targets.arm.rtsv7M.am4fg(SysMin.om4fg)
                0x00004e1c                xdc_runtime_SysMin_flush__E
 .text.xdc_runtime_SysMin_abort__E
                0x00004e70       0x34 C:\ti\tirtos_tivac_2_12_01_33\products\bios_6_41_04_54\packages\gnu\targets\arm\rtsv7M\lib\gnu.targets.arm.rtsv7M.am4fg(SysMin.om4fg)
                0x00004e70                xdc_runtime_SysMin_abort__E
 .text.xdc_runtime_SysMin_exit__E
                0x00004ea4       0x1c C:\ti\tirtos_tivac_2_12_01_33\products\bios_6_41_04_54\packages\gnu\targets\arm\rtsv7M\lib\gnu.targets.arm.rtsv7M.am4fg(SysMin.om4fg)
                0x00004ea4                xdc_runtime_SysMin_exit__E
 .text.xdc_runtime_Text_cordText__E
                0x00004ec0       0x2c C:\ti\tirtos_tivac_2_12_01_33\products\bios_6_41_04_54\packages\gnu\targets\arm\rtsv7M\lib\gnu.targets.arm.rtsv7M.am4fg(Text.om4fg)
                0x00004ec0                xdc_runtime_Text_cordText__E
 .text.xdc_runtime_Text_ropeText__E
                0x00004eec       0x14 C:\ti\tirtos_tivac_2_12_01_33\products\bios_6_41_04_54\packages\gnu\targets\arm\rtsv7M\lib\gnu.targets.arm.rtsv7M.am4fg(Text.om4fg)
                0x00004eec                xdc_runtime_Text_ropeText__E
 .text.xdc_runtime_Text_xprintf__I
                0x00004f00       0x40 C:\ti\tirtos_tivac_2_12_01_33\products\bios_6_41_04_54\packages\gnu\targets\arm\rtsv7M\lib\gnu.targets.arm.rtsv7M.am4fg(Text.om4fg)
                0x00004f00                xdc_runtime_Text_xprintf(int0_t)
 .text.xdc_runtime_Text_printVisFxn__I
                0x00004f40       0x34 C:\ti\tirtos_tivac_2_12_01_33\products\bios_6_41_04_54\packages\gnu\targets\arm\rtsv7M\lib\gnu.targets.arm.rtsv7M.am4fg(Text.om4fg)
                0x00004f40                xdc_runtime_Text_printVisFxn(int0_t)
 .text.xdc_runtime_Text_putMod__E
                0x00004f74       0x94 C:\ti\tirtos_tivac_2_12_01_33\products\bios_6_41_04_54\packages\gnu\targets\arm\rtsv7M\lib\gnu.targets.arm.rtsv7M.am4fg(Text.om4fg)
                0x00004f74                xdc_runtime_Text_putMod__E
 .text.xdc_runtime_Text_putLab__E
                0x00005008       0x80 C:\ti\tirtos_tivac_2_12_01_33\products\bios_6_41_04_54\packages\gnu\targets\arm\rtsv7M\lib\gnu.targets.arm.rtsv7M.am4fg(Text.om4fg)
                0x00005008                xdc_runtime_Text_putLab__E
 .text.xdc_runtime_Text_putSite__E
                0x00005088       0x9c C:\ti\tirtos_tivac_2_12_01_33\products\bios_6_41_04_54\packages\gnu\targets\arm\rtsv7M\lib\gnu.targets.arm.rtsv7M.am4fg(Text.om4fg)
                0x00005088                xdc_runtime_Text_putSite__E
 .text.xdc_runtime_Registry_findById__E
                0x00005124       0x1c C:\ti\tirtos_tivac_2_12_01_33\products\bios_6_41_04_54\packages\gnu\targets\arm\rtsv7M\lib\gnu.targets.arm.rtsv7M.am4fg(Registry.om4fg)
                0x00005124                xdc_runtime_Registry_findById__E
 .text.startupC
                0x00005140       0x98 C:\ti\tirtos_tivac_2_12_01_33\products\bios_6_41_04_54\packages\gnu\targets\arm\rtsv7M\lib\boot.am4fg(startup.om4fg)
                0x00005140                startupC
 .text._fini    0x000051d8        0x4 C:\ti\tirtos_tivac_2_12_01_33\products\bios_6_41_04_54\packages\gnu\targets\arm\rtsv7M\lib\boot.am4fg(startup.om4fg)
                0x000051d8                _fini
 .text._exit    0x000051dc        0x4 C:\ti\tirtos_tivac_2_12_01_33\products\bios_6_41_04_54\packages\gnu\targets\arm\rtsv7M\lib\syscalls.am4fg(syscalls.om4fg)
                0x000051dc                _exit
                0x000051dc                C$$EXIT
 .text._write   0x000051e0       0x14 C:/ti/tirtos_tivac_2_12_01_33/products/bios_6_41_04_54/packages/gnu/targets/arm/libs/install-native/arm-none-eabi/lib/armv7e-m/fpu\libnosys.a(write.o)
                0x000051e0                _write
 .text.abort    0x000051f4       0x10 C:/ti/tirtos_tivac_2_12_01_33/products/bios_6_41_04_54/packages/gnu/targets/arm/libs/install-native/arm-none-eabi/lib/armv7e-m/fpu\libc.a(lib_a-abort.o)
                0x000051f4                abort
 .text.exit     0x00005204       0x20 C:/ti/tirtos_tivac_2_12_01_33/products/bios_6_41_04_54/packages/gnu/targets/arm/libs/install-native/arm-none-eabi/lib/armv7e-m/fpu\libc.a(lib_a-exit.o)
                0x00005204                exit
 .text.memcpy   0x00005224      0x144 C:/ti/tirtos_tivac_2_12_01_33/products/bios_6_41_04_54/packages/gnu/targets/arm/libs/install-native/arm-none-eabi/lib/armv7e-m/fpu\libc.a(lib_a-memcpy.o)
                0x00005224                memcpy
 .text.memset   0x00005368      0x12c C:/ti/tirtos_tivac_2_12_01_33/products/bios_6_41_04_54/packages/gnu/targets/arm/libs/install-native/arm-none-eabi/lib/armv7e-m/fpu\libc.a(lib_a-memset.o)
                0x00005368                memset
 .text._raise_r
                0x00005494       0x58 C:/ti/tirtos_tivac_2_12_01_33/products/bios_6_41_04_54/packages/gnu/targets/arm/libs/install-native/arm-none-eabi/lib/armv7e-m/fpu\libc.a(lib_a-signal.o)
                0x00005494                _raise_r
 .text.raise    0x000054ec       0x14 C:/ti/tirtos_tivac_2_12_01_33/products/bios_6_41_04_54/packages/gnu/targets/arm/libs/install-native/arm-none-eabi/lib/armv7e-m/fpu\libc.a(lib_a-signal.o)
                0x000054ec                raise
 .text._kill_r  0x00005500       0x28 C:/ti/tirtos_tivac_2_12_01_33/products/bios_6_41_04_54/packages/gnu/targets/arm/libs/install-native/arm-none-eabi/lib/armv7e-m/fpu\libc.a(lib_a-signalr.o)
                0x00005500                _kill_r
 .text._getpid_r
                0x00005528        0x4 C:/ti/tirtos_tivac_2_12_01_33/products/bios_6_41_04_54/packages/gnu/targets/arm/libs/install-native/arm-none-eabi/lib/armv7e-m/fpu\libc.a(lib_a-signalr.o)
                0x00005528                _getpid_r
 .text.strlen   0x0000552c       0x60 C:/ti/tirtos_tivac_2_12_01_33/products/bios_6_41_04_54/packages/gnu/targets/arm/libs/install-native/arm-none-eabi/lib/armv7e-m/fpu\libc.a(lib_a-strlen.o)
                0x0000552c                strlen
 .text.startup.register_fini
                0x0000558c       0x14 C:/ti/tirtos_tivac_2_12_01_33/products/bios_6_41_04_54/packages/gnu/targets/arm/libs/install-native/arm-none-eabi/lib/armv7e-m/fpu\libc.a(lib_a-__call_atexit.o)
 .text.__call_exitprocs
                0x000055a0      0x288 C:/ti/tirtos_tivac_2_12_01_33/products/bios_6_41_04_54/packages/gnu/targets/arm/libs/install-native/arm-none-eabi/lib/armv7e-m/fpu\libc.a(lib_a-__call_atexit.o)
                0x000055a0                __call_exitprocs
 .text.atexit   0x00005828        0xc C:/ti/tirtos_tivac_2_12_01_33/products/bios_6_41_04_54/packages/gnu/targets/arm/libs/install-native/arm-none-eabi/lib/armv7e-m/fpu\libc.a(lib_a-atexit.o)
                0x00005828                atexit
 .text.__libc_fini_array
                0x00005834       0x50 C:/ti/tirtos_tivac_2_12_01_33/products/bios_6_41_04_54/packages/gnu/targets/arm/libs/install-native/arm-none-eabi/lib/armv7e-m/fpu\libc.a(lib_a-fini.o)
                0x00005834                __libc_fini_array
 .text.__getreent
                0x00005884        0xc C:/ti/tirtos_tivac_2_12_01_33/products/bios_6_41_04_54/packages/gnu/targets/arm/libs/install-native/arm-none-eabi/lib/armv7e-m/fpu\libc.a(lib_a-getreent.o)
                0x00005884                __getreent
 .text.__libc_lock_acquire_recursive
                0x00005890        0x4 C:/ti/tirtos_tivac_2_12_01_33/products/bios_6_41_04_54/packages/gnu/targets/arm/libs/install-native/arm-none-eabi/lib/armv7e-m/fpu\libc.a(lib_a-lock.o)
                0x00005890                __libc_lock_acquire_recursive
 .text.__libc_lock_release_recursive
                0x00005894        0x4 C:/ti/tirtos_tivac_2_12_01_33/products/bios_6_41_04_54/packages/gnu/targets/arm/libs/install-native/arm-none-eabi/lib/armv7e-m/fpu\libc.a(lib_a-lock.o)
                0x00005894                __libc_lock_release_recursive
 .text.__register_exitproc
                0x00005898       0xc0 C:/ti/tirtos_tivac_2_12_01_33/products/bios_6_41_04_54/packages/gnu/targets/arm/libs/install-native/arm-none-eabi/lib/armv7e-m/fpu\libc.a(lib_a-__atexit.o)
                0x00005898                __register_exitproc
 .text._getpid  0x00005958       0x14 C:/ti/tirtos_tivac_2_12_01_33/products/bios_6_41_04_54/packages/gnu/targets/arm/libs/install-native/arm-none-eabi/lib/armv7e-m/fpu\libnosys.a(getpid.o)
                0x00005958                _getpid
 .text._kill    0x0000596c       0x14 C:/ti/tirtos_tivac_2_12_01_33/products/bios_6_41_04_54/packages/gnu/targets/arm/libs/install-native/arm-none-eabi/lib/armv7e-m/fpu\libnosys.a(kill.o)
                0x0000596c                _kill
                0x00005980                . = ALIGN (0x4)
 *(.ctors)
                0x00005980                . = ALIGN (0x4)
 *(.dtors)
                0x00005980                . = ALIGN (0x4)
                0x00005980                __init_array_start = .
 *(.init_array*)
 .init_array.00000
                0x00005980        0x4 C:/ti/tirtos_tivac_2_12_01_33/products/bios_6_41_04_54/packages/gnu/targets/arm/libs/install-native/arm-none-eabi/lib/armv7e-m/fpu\libc.a(lib_a-__call_atexit.o)
                0x00005984                __init_array_end = .
 *(.init)
 *(.fini*)
                0x00005984                PROVIDE (__etext, .)
                0x00005984                PROVIDE (_etext, .)
                0x00005984                PROVIDE (etext, .)

.glue_7         0x00005984        0x0
 .glue_7        0x00000000        0x0 linker stubs

.glue_7t        0x00005984        0x0
 .glue_7t       0x00000000        0x0 linker stubs

.vfp11_veneer   0x00005984        0x0
 .vfp11_veneer  0x00000000        0x0 linker stubs

.v4_bx          0x00005984        0x0
 .v4_bx         0x00000000        0x0 linker stubs

.iplt           0x00005984        0x0
 .iplt          0x00000000        0x0 ./main.o

.c_int00        0x00005984       0x44
 .c_int00       0x00005984       0x44 C:\ti\tirtos_tivac_2_12_01_33\products\bios_6_41_04_54\packages\gnu\targets\arm\rtsv7M\lib\boot.am4fg(boot.om4fg)
                0x00005984                _c_int00
                0x000059ae                _reset_fxns_done_

.rodata         0x000059c8      0xd38
 *(.rodata)
 .rodata        0x000059c8       0x32 ./main.o
 *(.rodata*)
 *fill*         0x000059fa        0x2 
 .rodata_xdc_runtime_Startup_maxPasses__C
                0x000059fc        0x4 C:\Users\WadeJensen\Dropbox\01_EN40\YEAR_4_SEM_1\EGH456\Assignment\ProjectTemplate_RTOS\Debug\configPkg\package\cfg\app_pm4fg.om4fg
                0x000059fc                xdc_runtime_Startup_maxPasses(void) const
 .rodata_xdc_runtime_Startup_sfxnRts__A
                0x00005a00       0x14 C:\Users\WadeJensen\Dropbox\01_EN40\YEAR_4_SEM_1\EGH456\Assignment\ProjectTemplate_RTOS\Debug\configPkg\package\cfg\app_pm4fg.om4fg
                0x00005a00                xdc_runtime_Startup_sfxnRts__A
 .rodata_ti_sysbios_gates_GateMutex_Module__FXNS__C
                0x00005a14       0x24 C:\Users\WadeJensen\Dropbox\01_EN40\YEAR_4_SEM_1\EGH456\Assignment\ProjectTemplate_RTOS\Debug\configPkg\package\cfg\app_pm4fg.om4fg
                0x00005a14                ti_sysbios_gates_GateMutex_Module__FXNS(void) const
 .rodata_ti_sysbios_knl_Task_numConstructedTasks__C
                0x00005a38        0x4 C:\Users\WadeJensen\Dropbox\01_EN40\YEAR_4_SEM_1\EGH456\Assignment\ProjectTemplate_RTOS\Debug\configPkg\package\cfg\app_pm4fg.om4fg
                0x00005a38                ti_sysbios_knl_Task_numConstructedTasks(void) const
 .rodata_xdc_runtime_HeapStd_Module__FXNS__C
                0x00005a3c       0x28 C:\Users\WadeJensen\Dropbox\01_EN40\YEAR_4_SEM_1\EGH456\Assignment\ProjectTemplate_RTOS\Debug\configPkg\package\cfg\app_pm4fg.om4fg
                0x00005a3c                xdc_runtime_HeapStd_Module__FXNS(void) const
 .rodata_xdc_runtime_Core_Module__diagsMask__C
                0x00005a64        0x4 C:\Users\WadeJensen\Dropbox\01_EN40\YEAR_4_SEM_1\EGH456\Assignment\ProjectTemplate_RTOS\Debug\configPkg\package\cfg\app_pm4fg.om4fg
                0x00005a64                xdc_runtime_Core_Module__diagsMask(void) const
 .rodata_xdc_runtime_Error_policyFxn__C
                0x00005a68        0x4 C:\Users\WadeJensen\Dropbox\01_EN40\YEAR_4_SEM_1\EGH456\Assignment\ProjectTemplate_RTOS\Debug\configPkg\package\cfg\app_pm4fg.om4fg
                0x00005a68                xdc_runtime_Error_policyFxn(void) const
 .rodata_xdc_runtime_IGateProvider_Interface__BASE__C
                0x00005a6c        0x4 C:\Users\WadeJensen\Dropbox\01_EN40\YEAR_4_SEM_1\EGH456\Assignment\ProjectTemplate_RTOS\Debug\configPkg\package\cfg\app_pm4fg.om4fg
                0x00005a6c                xdc_runtime_IGateProvider_Interface__BASE(void) const
 .rodata_ti_sysbios_knl_Task_Object__count__C
                0x00005a70        0x4 C:\Users\WadeJensen\Dropbox\01_EN40\YEAR_4_SEM_1\EGH456\Assignment\ProjectTemplate_RTOS\Debug\configPkg\package\cfg\app_pm4fg.om4fg
                0x00005a70                ti_sysbios_knl_Task_Object__count(void) const
 .rodata_ti_sysbios_family_arm_lm4_Timer_startupNeeded__C
                0x00005a74        0x4 C:\Users\WadeJensen\Dropbox\01_EN40\YEAR_4_SEM_1\EGH456\Assignment\ProjectTemplate_RTOS\Debug\configPkg\package\cfg\app_pm4fg.om4fg
                0x00005a74                ti_sysbios_family_arm_lm4_Timer_startupNeeded(void) const
 .rodata_xdc_runtime_Core_Module__id__C
                0x00005a78        0x2 C:\Users\WadeJensen\Dropbox\01_EN40\YEAR_4_SEM_1\EGH456\Assignment\ProjectTemplate_RTOS\Debug\configPkg\package\cfg\app_pm4fg.om4fg
                0x00005a78                xdc_runtime_Core_Module__id(void) const
 *fill*         0x00005a7a        0x2 
 .rodata_ti_sysbios_family_arm_m3_Hwi_excHookFuncs__A
                0x00005a7c        0x8 C:\Users\WadeJensen\Dropbox\01_EN40\YEAR_4_SEM_1\EGH456\Assignment\ProjectTemplate_RTOS\Debug\configPkg\package\cfg\app_pm4fg.om4fg
                0x00005a7c                ti_sysbios_family_arm_m3_Hwi_excHookFuncs__A
 .rodata_ti_sysbios_family_arm_lm4_Timer_enableFunc__C
                0x00005a84        0x4 C:\Users\WadeJensen\Dropbox\01_EN40\YEAR_4_SEM_1\EGH456\Assignment\ProjectTemplate_RTOS\Debug\configPkg\package\cfg\app_pm4fg.om4fg
                0x00005a84                ti_sysbios_family_arm_lm4_Timer_enableFunc(void) const
 .rodata_xdc_runtime_Error_policy__C
                0x00005a88        0x1 C:\Users\WadeJensen\Dropbox\01_EN40\YEAR_4_SEM_1\EGH456\Assignment\ProjectTemplate_RTOS\Debug\configPkg\package\cfg\app_pm4fg.om4fg
                0x00005a88                xdc_runtime_Error_policy(void) const
 *fill*         0x00005a89        0x3 
 .rodata_ti_sysbios_family_arm_m3_Hwi_excHookFuncs__C
                0x00005a8c        0x4 C:\Users\WadeJensen\Dropbox\01_EN40\YEAR_4_SEM_1\EGH456\Assignment\ProjectTemplate_RTOS\Debug\configPkg\package\cfg\app_pm4fg.om4fg
                0x00005a8c                ti_sysbios_family_arm_m3_Hwi_excHookFuncs(void) const
 .rodata_ti_sysbios_knl_Task_allBlockedFunc__C
                0x00005a90        0x4 C:\Users\WadeJensen\Dropbox\01_EN40\YEAR_4_SEM_1\EGH456\Assignment\ProjectTemplate_RTOS\Debug\configPkg\package\cfg\app_pm4fg.om4fg
                0x00005a90                ti_sysbios_knl_Task_allBlockedFunc(void) const
 .rodata_xdc_runtime_IHeap_Interface__BASE__C
                0x00005a94        0x4 C:\Users\WadeJensen\Dropbox\01_EN40\YEAR_4_SEM_1\EGH456\Assignment\ProjectTemplate_RTOS\Debug\configPkg\package\cfg\app_pm4fg.om4fg
                0x00005a94                xdc_runtime_IHeap_Interface__BASE(void) const
 .rodata_xdc_runtime_Startup_firstFxns__A
                0x00005a98       0x10 C:\Users\WadeJensen\Dropbox\01_EN40\YEAR_4_SEM_1\EGH456\Assignment\ProjectTemplate_RTOS\Debug\configPkg\package\cfg\app_pm4fg.om4fg
                0x00005a98                xdc_runtime_Startup_firstFxns__A
 .rodata_ti_sysbios_knl_Clock_Module_State_clockQ__O
                0x00005aa8        0x4 C:\Users\WadeJensen\Dropbox\01_EN40\YEAR_4_SEM_1\EGH456\Assignment\ProjectTemplate_RTOS\Debug\configPkg\package\cfg\app_pm4fg.om4fg
                0x00005aa8                ti_sysbios_knl_Clock_Module_State_clockQ__O
 .rodata_xdc_runtime_Error_maxDepth__C
                0x00005aac        0x2 C:\Users\WadeJensen\Dropbox\01_EN40\YEAR_4_SEM_1\EGH456\Assignment\ProjectTemplate_RTOS\Debug\configPkg\package\cfg\app_pm4fg.om4fg
                0x00005aac                xdc_runtime_Error_maxDepth(void) const
 *fill*         0x00005aae        0x2 
 .rodata_ti_sysbios_family_arm_m3_Hwi_excHandlerFunc__C
                0x00005ab0        0x4 C:\Users\WadeJensen\Dropbox\01_EN40\YEAR_4_SEM_1\EGH456\Assignment\ProjectTemplate_RTOS\Debug\configPkg\package\cfg\app_pm4fg.om4fg
                0x00005ab0                ti_sysbios_family_arm_m3_Hwi_excHandlerFunc(void) const
 .rodata_xdc_runtime_ILogger_Interface__BASE__C
                0x00005ab4        0x4 C:\Users\WadeJensen\Dropbox\01_EN40\YEAR_4_SEM_1\EGH456\Assignment\ProjectTemplate_RTOS\Debug\configPkg\package\cfg\app_pm4fg.om4fg
                0x00005ab4                xdc_runtime_ILogger_Interface__BASE(void) const
 .rodata_ti_sysbios_knl_Task_initStackFlag__C
                0x00005ab8        0x2 C:\Users\WadeJensen\Dropbox\01_EN40\YEAR_4_SEM_1\EGH456\Assignment\ProjectTemplate_RTOS\Debug\configPkg\package\cfg\app_pm4fg.om4fg
                0x00005ab8                ti_sysbios_knl_Task_initStackFlag(void) const
 *fill*         0x00005aba        0x2 
 .rodata_xdc_runtime_Startup_sfxnTab__A
                0x00005abc       0x28 C:\Users\WadeJensen\Dropbox\01_EN40\YEAR_4_SEM_1\EGH456\Assignment\ProjectTemplate_RTOS\Debug\configPkg\package\cfg\app_pm4fg.om4fg
                0x00005abc                xdc_runtime_Startup_sfxnTab__A
 .rodata_xdc_runtime_Startup_sfxnTab__C
                0x00005ae4        0x4 C:\Users\WadeJensen\Dropbox\01_EN40\YEAR_4_SEM_1\EGH456\Assignment\ProjectTemplate_RTOS\Debug\configPkg\package\cfg\app_pm4fg.om4fg
                0x00005ae4                xdc_runtime_Startup_sfxnTab(void) const
 .rodata_xdc_runtime_Text_nameEmpty__C
                0x00005ae8        0x4 C:\Users\WadeJensen\Dropbox\01_EN40\YEAR_4_SEM_1\EGH456\Assignment\ProjectTemplate_RTOS\Debug\configPkg\package\cfg\app_pm4fg.om4fg
                0x00005ae8                xdc_runtime_Text_nameEmpty(void) const
 .rodata_xdc_runtime_HeapStd_Object__PARAMS__C
                0x00005aec       0x1c C:\Users\WadeJensen\Dropbox\01_EN40\YEAR_4_SEM_1\EGH456\Assignment\ProjectTemplate_RTOS\Debug\configPkg\package\cfg\app_pm4fg.om4fg
                0x00005aec                xdc_runtime_HeapStd_Object__PARAMS(void) const
 .rodata_ti_sysbios_gates_GateMutex_Module__id__C
                0x00005b08        0x2 C:\Users\WadeJensen\Dropbox\01_EN40\YEAR_4_SEM_1\EGH456\Assignment\ProjectTemplate_RTOS\Debug\configPkg\package\cfg\app_pm4fg.om4fg
                0x00005b08                ti_sysbios_gates_GateMutex_Module__id(void) const
 *fill*         0x00005b0a        0x2 
 .rodata_ti_sysbios_family_arm_m3_Hwi_ccr__C
                0x00005b0c        0x4 C:\Users\WadeJensen\Dropbox\01_EN40\YEAR_4_SEM_1\EGH456\Assignment\ProjectTemplate_RTOS\Debug\configPkg\package\cfg\app_pm4fg.om4fg
                0x00005b0c                ti_sysbios_family_arm_m3_Hwi_ccr(void) const
 .rodata_xdc_runtime_HeapStd_A_zeroSize__C
                0x00005b10        0x4 C:\Users\WadeJensen\Dropbox\01_EN40\YEAR_4_SEM_1\EGH456\Assignment\ProjectTemplate_RTOS\Debug\configPkg\package\cfg\app_pm4fg.om4fg
                0x00005b10                xdc_runtime_HeapStd_A_zeroSize(void) const
 .rodata_xdc_runtime_System_maxAtexitHandlers__C
                0x00005b14        0x4 C:\Users\WadeJensen\Dropbox\01_EN40\YEAR_4_SEM_1\EGH456\Assignment\ProjectTemplate_RTOS\Debug\configPkg\package\cfg\app_pm4fg.om4fg
                0x00005b14                xdc_runtime_System_maxAtexitHandlers(void) const
 .rodata_xdc_runtime_LoggerBuf_statusLogger__C
                0x00005b18        0x4 C:\Users\WadeJensen\Dropbox\01_EN40\YEAR_4_SEM_1\EGH456\Assignment\ProjectTemplate_RTOS\Debug\configPkg\package\cfg\app_pm4fg.om4fg
                0x00005b18                xdc_runtime_LoggerBuf_statusLogger(void) const
 .rodata_xdc_runtime_Core_Module__diagsEnabled__C
                0x00005b1c        0x4 C:\Users\WadeJensen\Dropbox\01_EN40\YEAR_4_SEM_1\EGH456\Assignment\ProjectTemplate_RTOS\Debug\configPkg\package\cfg\app_pm4fg.om4fg
                0x00005b1c                xdc_runtime_Core_Module__diagsEnabled(void) const
 .rodata_xdc_runtime_Text_visitRopeFxn__C
                0x00005b20        0x4 C:\Users\WadeJensen\Dropbox\01_EN40\YEAR_4_SEM_1\EGH456\Assignment\ProjectTemplate_RTOS\Debug\configPkg\package\cfg\app_pm4fg.om4fg
                0x00005b20                xdc_runtime_Text_visitRopeFxn(void) const
 .rodata_ti_sysbios_knl_Task_Module__diagsIncluded__C
                0x00005b24        0x4 C:\Users\WadeJensen\Dropbox\01_EN40\YEAR_4_SEM_1\EGH456\Assignment\ProjectTemplate_RTOS\Debug\configPkg\package\cfg\app_pm4fg.om4fg
                0x00005b24                ti_sysbios_knl_Task_Module__diagsIncluded(void) const
 .rodata_xdc_runtime_Core_A_initializedParams__C
                0x00005b28        0x4 C:\Users\WadeJensen\Dropbox\01_EN40\YEAR_4_SEM_1\EGH456\Assignment\ProjectTemplate_RTOS\Debug\configPkg\package\cfg\app_pm4fg.om4fg
                0x00005b28                xdc_runtime_Core_A_initializedParams(void) const
 .rodata_ti_sysbios_knl_Task_E_stackOverflow__C
                0x00005b2c        0x4 C:\Users\WadeJensen\Dropbox\01_EN40\YEAR_4_SEM_1\EGH456\Assignment\ProjectTemplate_RTOS\Debug\configPkg\package\cfg\app_pm4fg.om4fg
                0x00005b2c                ti_sysbios_knl_Task_E_stackOverflow(void) const
 .rodata_xdc_runtime_Startup_lastFxns__C
                0x00005b30        0x8 C:\Users\WadeJensen\Dropbox\01_EN40\YEAR_4_SEM_1\EGH456\Assignment\ProjectTemplate_RTOS\Debug\configPkg\package\cfg\app_pm4fg.om4fg
                0x00005b30                xdc_runtime_Startup_lastFxns(void) const
 .rodata_xdc_runtime_HeapStd_Module__diagsMask__C
                0x00005b38        0x4 C:\Users\WadeJensen\Dropbox\01_EN40\YEAR_4_SEM_1\EGH456\Assignment\ProjectTemplate_RTOS\Debug\configPkg\package\cfg\app_pm4fg.om4fg
                0x00005b38                xdc_runtime_HeapStd_Module__diagsMask(void) const
 .rodata_xdc_runtime_System_abortFxn__C
                0x00005b3c        0x4 C:\Users\WadeJensen\Dropbox\01_EN40\YEAR_4_SEM_1\EGH456\Assignment\ProjectTemplate_RTOS\Debug\configPkg\package\cfg\app_pm4fg.om4fg
                0x00005b3c                xdc_runtime_System_abortFxn(void) const
 .rodata_xdc_runtime_Startup_sfxnRts__C
                0x00005b40        0x4 C:\Users\WadeJensen\Dropbox\01_EN40\YEAR_4_SEM_1\EGH456\Assignment\ProjectTemplate_RTOS\Debug\configPkg\package\cfg\app_pm4fg.om4fg
                0x00005b40                xdc_runtime_Startup_sfxnRts(void) const
 .rodata_ti_sysbios_knl_Semaphore_Module__diagsEnabled__C
                0x00005b44        0x4 C:\Users\WadeJensen\Dropbox\01_EN40\YEAR_4_SEM_1\EGH456\Assignment\ProjectTemplate_RTOS\Debug\configPkg\package\cfg\app_pm4fg.om4fg
                0x00005b44                ti_sysbios_knl_Semaphore_Module__diagsEnabled(void) const
 .rodata_xdc_runtime_Text_registryModsLastId__C
                0x00005b48        0x2 C:\Users\WadeJensen\Dropbox\01_EN40\YEAR_4_SEM_1\EGH456\Assignment\ProjectTemplate_RTOS\Debug\configPkg\package\cfg\app_pm4fg.om4fg
                0x00005b48                xdc_runtime_Text_registryModsLastId(void) const
 *fill*         0x00005b4a        0x2 
 .rodata_xdc_runtime_LoggerBuf_Object__count__C
                0x00005b4c        0x4 C:\Users\WadeJensen\Dropbox\01_EN40\YEAR_4_SEM_1\EGH456\Assignment\ProjectTemplate_RTOS\Debug\configPkg\package\cfg\app_pm4fg.om4fg
                0x00005b4c                xdc_runtime_LoggerBuf_Object__count(void) const
 .rodata_xdc_runtime_Startup_firstFxns__C
                0x00005b50        0x8 C:\Users\WadeJensen\Dropbox\01_EN40\YEAR_4_SEM_1\EGH456\Assignment\ProjectTemplate_RTOS\Debug\configPkg\package\cfg\app_pm4fg.om4fg
                0x00005b50                xdc_runtime_Startup_firstFxns(void) const
 .rodata_xdc_runtime_Memory_defaultHeapInstance__C
                0x00005b58        0x4 C:\Users\WadeJensen\Dropbox\01_EN40\YEAR_4_SEM_1\EGH456\Assignment\ProjectTemplate_RTOS\Debug\configPkg\package\cfg\app_pm4fg.om4fg
                0x00005b58                xdc_runtime_Memory_defaultHeapInstance(void) const
 .rodata_xdc_runtime_Text_charTab__A
                0x00005b5c        0x1 C:\Users\WadeJensen\Dropbox\01_EN40\YEAR_4_SEM_1\EGH456\Assignment\ProjectTemplate_RTOS\Debug\configPkg\package\cfg\app_pm4fg.om4fg
                0x00005b5c                xdc_runtime_Text_charTab__A
 *fill*         0x00005b5d        0x3 
 .rodata_xdc_runtime_Text_charTab__C
                0x00005b60        0x4 C:\Users\WadeJensen\Dropbox\01_EN40\YEAR_4_SEM_1\EGH456\Assignment\ProjectTemplate_RTOS\Debug\configPkg\package\cfg\app_pm4fg.om4fg
                0x00005b60                xdc_runtime_Text_charTab(void) const
 .rodata_xdc_runtime_Memory_Module__id__C
                0x00005b64        0x2 C:\Users\WadeJensen\Dropbox\01_EN40\YEAR_4_SEM_1\EGH456\Assignment\ProjectTemplate_RTOS\Debug\configPkg\package\cfg\app_pm4fg.om4fg
                0x00005b64                xdc_runtime_Memory_Module__id(void) const
 .rodata_xdc_runtime_SysMin_flushAtExit__C